Component: Arm Compiler for Embedded 6.23 Tool: armlink [5f102400]

==============================================================================

Section Cross References

    system_da14531.o(.text) refers to system_da14531.o(.data.SystemCoreClock) for SystemCoreClock
    system_da14531.o(.ARM.exidx) refers to system_da14531.o(.text) for [Anonymous Symbol]
    system_da14531.o(system_DA14xxx) refers to otp_cs.o(otp_cs_booter) for booter_val
    system_da14531.o(.ARM.exidxsystem_DA14xxx) refers to system_da14531.o(system_DA14xxx) for [Anonymous Symbol]
    startup_da14531.o(startup_code_DA14xxx) refers to system_da14531.o(system_DA14xxx) for SystemInit
    startup_da14531.o(startup_code_DA14xxx) refers to entry.o(.ARM.Collect$$$$00000000) for __main
    startup_da14531.o(startup_code_DA14xxx) refers to nmi_handler.o(.text.NMI_HandlerC) for NMI_HandlerC
    startup_da14531.o(startup_code_DA14xxx) refers to hardfault_handler.o(.text.HardFault_HandlerC) for HardFault_HandlerC
    startup_da14531.o(.ARM.exidxstartup_code_DA14xxx) refers to startup_da14531.o(startup_code_DA14xxx) for [Anonymous Symbol]
    startup_da14531.o(RESET) refers to startup_da14531.o(startup_code_DA14xxx) for Reset_Handler
    startup_da14531.o(RESET) refers to rwble.o(.text) for BLE_WAKEUP_LP_Handler
    startup_da14531.o(RESET) refers to uart.o(.text) for UART2_Handler
    startup_da14531.o(RESET) refers to i2c.o(.text) for I2C_Handler
    startup_da14531.o(RESET) refers to adc_531.o(.text) for ADC_Handler
    startup_da14531.o(RESET) refers to gpio.o(.text) for GPIO0_Handler
    startup_da14531.o(RESET) refers to wkupct_quadec.o(.text) for WKUP_QUADEC_Handler
    hardfault_handler.o(.text.HardFault_HandlerC) refers to syscntl.o(.text) for syscntl_dcdc_set_level
    hardfault_handler.o(.ARM.exidx.text.HardFault_HandlerC) refers to hardfault_handler.o(.text.HardFault_HandlerC) for [Anonymous Symbol]
    nmi_handler.o(.text.NMI_HandlerC) refers to syscntl.o(.text) for syscntl_dcdc_set_level
    nmi_handler.o(.ARM.exidx.text.NMI_HandlerC) refers to nmi_handler.o(.text.NMI_HandlerC) for [Anonymous Symbol]
    nvds.o(.rodata.rom_nvds_cfg) refers to nvds.o(.rodata.nvds_data_storage) for [Anonymous Symbol]
    nvds.o(.rodata.rom_nvds_cfg) refers to arch_system.o(.bss.retention_mem_area0) for dev_bdaddr
    arch_main.o(.text) refers to arch_system.o(.text) for system_init
    arch_main.o(.text) refers to rwip.o(.text) for rwip_sleep
    arch_main.o(.text) refers to hw_otpc_531.o(.text) for hw_otpc_init
    arch_main.o(.text) refers (Weak) to hw_otpc_531.o(.text) for hw_otpc_clear_dcdc_reserved
    arch_main.o(.text) refers to syscntl.o(.text) for syscntl_dcdc_set_level
    arch_main.o(.text) refers to arch_asm.o(.text) for arch_asm_delay_us
    arch_main.o(.text) refers to user_periph_setup.o(.text) for periph_init
    arch_main.o(.text) refers to rwble.o(.bss.retention_mem_area0) for arch_rwble_last_event
    arch_main.o(.ARM.exidx) refers to arch_main.o(.text) for [Anonymous Symbol]
    jump_table.o(.ARM.exidx) refers to jump_table.o(.text) for [Anonymous Symbol]
    jump_table.o(.rodata.rom_func_addr_table_var) refers to ble_arp.o(.text) for rf_init_func
    jump_table.o(.rodata.rom_func_addr_table_var) refers to jump_table.o(.text) for platform_reset_func
    jump_table.o(.rodata.rom_func_addr_table_var) refers to rwble.o(.text) for lld_sleep_compensate_func
    jump_table.o(.rodata.rom_func_addr_table_var) refers to arch_system.o(.text) for lld_sleep_init_func
    jump_table.o(.rodata.rom_func_addr_table_var) refers to patch_1.o(.text) for JT_lld_test_mode_rx_func
    jump_table.o(.rodata.rom_func_addr_table_var) refers to prf.o(.text) for prf_init_func
    jump_table.o(.rodata.rom_cfg_table_var) refers to jump_table.o(.bss.heap_mem_area_not_ret) for rwip_heap_non_ret
    jump_table.o(.rodata.rom_cfg_table_var) refers to jump_table.o(.bss.heap_env_area) for rwip_heap_env_ret
    jump_table.o(.rodata.rom_cfg_table_var) refers to jump_table.o(.bss.heap_db_area) for rwip_heap_db_ret
    jump_table.o(.rodata.rom_cfg_table_var) refers to jump_table.o(.bss.heap_msg_area) for rwip_heap_msg_ret
    jump_table.o(.rodata.rom_cfg_table_var) refers to nvds.o(.rodata.rom_nvds_cfg) for rom_nvds_cfg
    jump_table.o(.rodata.rom_cfg_table_var) refers to chacha20.o(.rodata.rom_chacha20_cfg) for rom_chacha20_cfg
    jump_table.o(.rodata.rom_cfg_table_var) refers to prf.o(.rodata.rom_prf_cfg) for rom_prf_cfg
    jump_table.o(.rodata.rom_cfg_table_var) refers to app_entry_point.o(.rodata.rom_app_task_cfg) for rom_app_task_cfg
    arch_sleep.o(.text) refers to arch_sleep.o(.bss.retention_mem_area0) for [Anonymous Symbol]
    arch_sleep.o(.text) refers to rwble.o(.bss.retention_mem_area0) for arch_rwble_last_event
    arch_sleep.o(.ARM.exidx) refers to arch_sleep.o(.text) for [Anonymous Symbol]
    arch_system.o(.text) refers to arch_system.o(.bss.retention_mem_area0) for lp_clk_sel
[...]
    _ll_mul                                  0x07f1f059   Thumb Code     0  da14531_symbols.txt ABSOLUTE
    rand                                     0x07f1f0d5   Thumb Code     0  da14531_symbols.txt ABSOLUTE
    srand                                    0x07f1f0e7   Thumb Code     0  da14531_symbols.txt ABSOLUTE
    __aeabi_memcpy                           0x07f1f0f9   Thumb Code     0  da14531_symbols.txt ABSOLUTE
    __aeabi_memcpy4                          0x07f1f0f9   Thumb Code     0  da14531_symbols.txt ABSOLUTE
    __aeabi_memcpy8                          0x07f1f0f9   Thumb Code     0  da14531_symbols.txt ABSOLUTE
    __aeabi_memset                           0x07f1f11d   Thumb Code     0  da14531_symbols.txt ABSOLUTE
    __aeabi_memset4                          0x07f1f11d   Thumb Code     0  da14531_symbols.txt ABSOLUTE
    __aeabi_memset8                          0x07f1f11d   Thumb Code     0  da14531_symbols.txt ABSOLUTE
    __aeabi_memclr                           0x07f1f12b   Thumb Code     0  da14531_symbols.txt ABSOLUTE
    __aeabi_memclr4                          0x07f1f12b   Thumb Code     0  da14531_symbols.txt ABSOLUTE
    __aeabi_memclr8                          0x07f1f12b   Thumb Code     0  da14531_symbols.txt ABSOLUTE
    _memset$wrapper                          0x07f1f12f   Thumb Code     0  da14531_symbols.txt ABSOLUTE
    memcmp                                   0x07f1f141   Thumb Code     0  da14531_symbols.txt ABSOLUTE
    __aeabi_uread4                           0x07f1f15b   Thumb Code     0  da14531_symbols.txt ABSOLUTE
    __rt_uread4                              0x07f1f15b   Thumb Code     0  da14531_symbols.txt ABSOLUTE
    _uread4                                  0x07f1f15b   Thumb Code     0  da14531_symbols.txt ABSOLUTE
    __aeabi_uwrite4                          0x07f1f16f   Thumb Code     0  da14531_symbols.txt ABSOLUTE
    __rt_uwrite4                             0x07f1f16f   Thumb Code     0  da14531_symbols.txt ABSOLUTE
    _uwrite4                                 0x07f1f16f   Thumb Code     0  da14531_symbols.txt ABSOLUTE
    __aeabi_llsl                             0x07f1f181   Thumb Code     0  da14531_symbols.txt ABSOLUTE
    _ll_shift_l                              0x07f1f181   Thumb Code     0  da14531_symbols.txt ABSOLUTE
    __ARM_common_switch8                     0x07f1f1a1   Thumb Code     0  da14531_symbols.txt ABSOLUTE
    uart_api                                 0x07f1f1bc   Data           0  da14531_symbols.txt ABSOLUTE
    co_sca2ppm                               0x07f1f1cc   Data           0  da14531_symbols.txt ABSOLUTE
    co_null_bdaddr                           0x07f1f1dc   Data           0  da14531_symbols.txt ABSOLUTE
    co_default_bdaddr                        0x07f1f1e2   Data           0  da14531_symbols.txt ABSOLUTE
    llc_state_handler                        0x07f1f468   Data           0  da14531_symbols.txt ABSOLUTE
    llc_default_handler                      0x07f1f538   Data           0  da14531_symbols.txt ABSOLUTE
    llm_dflt_bdaddr                          0x07f1f550   Data           0  da14531_symbols.txt ABSOLUTE
    llm_debug_private_key                    0x07f1f556   Data           0  da14531_symbols.txt ABSOLUTE
    llm_local_le_states                      0x07f1f588   Data           0  da14531_symbols.txt ABSOLUTE
    llm_state_handler                        0x07f1f770   Data           0  da14531_symbols.txt ABSOLUTE
    llm_default_handler                      0x07f1f7a0   Data           0  da14531_symbols.txt ABSOLUTE
    LLM_AA_CT1                               0x07f1f7a8   Data           0  da14531_symbols.txt ABSOLUTE
    LLM_AA_CT2                               0x07f1f7ab   Data           0  da14531_symbols.txt ABSOLUTE
    ecc_p256_G                               0x07f1f7ad   Data           0  da14531_symbols.txt ABSOLUTE
    gtl_default_state                        0x07f1f800   Data           0  da14531_symbols.txt ABSOLUTE
    gtl_default_handler                      0x07f1f808   Data           0  da14531_symbols.txt ABSOLUTE
    hci_cmd_desc_tab_lk_ctrl                 0x07f1f814   Data           0  da14531_symbols.txt ABSOLUTE
    hci_cmd_desc_tab_ctrl_bb                 0x07f1f838   Data           0  da14531_symbols.txt ABSOLUTE
    hci_cmd_desc_tab_info_par                0x07f1f8b0   Data           0  da14531_symbols.txt ABSOLUTE
    hci_cmd_desc_tab_stat_par                0x07f1f8e0   Data           0  da14531_symbols.txt ABSOLUTE
    hci_cmd_desc_tab_le                      0x07f1f8ec   Data           0  da14531_symbols.txt ABSOLUTE
    hci_cmd_desc_tab_vs                      0x07f1fb38   Data           0  da14531_symbols.txt ABSOLUTE
    rom_hci_cmd_desc_root_tab                0x07f1fc7c   Data           0  da14531_symbols.txt ABSOLUTE
    hci_evt_desc_tab                         0x07f1fcac   Data           0  da14531_symbols.txt ABSOLUTE
    hci_evt_le_desc_tab                      0x07f1fcf4   Data           0  da14531_symbols.txt ABSOLUTE
    attc_handlers                            0x07f1fd64   Data           0  da14531_symbols.txt ABSOLUTE
    atts_handlers                            0x07f1fdd4   Data           0  da14531_symbols.txt ABSOLUTE
    gattc_default_state                      0x07f1fe54   Data           0  da14531_symbols.txt ABSOLUTE
    gattc_default_handler                    0x07f1ff34   Data           0  da14531_symbols.txt ABSOLUTE
    gattm_default_state                      0x07f1ff80   Data           0  da14531_symbols.txt ABSOLUTE
    gattm_default_handler                    0x07f1ffd8   Data           0  da14531_symbols.txt ABSOLUTE
    l2cc_default_state                       0x07f1fff0   Data           0  da14531_symbols.txt ABSOLUTE
    l2cc_default_handler                     0x07f20008   Data           0  da14531_symbols.txt ABSOLUTE
    const_Rb                                 0x07f20029   Data           0  da14531_symbols.txt ABSOLUTE
    const_Zero                               0x07f20039   Data           0  da14531_symbols.txt ABSOLUTE
    gapc_default_state                       0x07f2005c   Data           0  da14531_symbols.txt ABSOLUTE
    gapc_default_handler                     0x07f201ac   Data           0  da14531_symbols.txt ABSOLUTE
    gapm_default_state                       0x07f20248   Data           0  da14531_symbols.txt ABSOLUTE
    gapm_default_handler                     0x07f20330   Data           0  da14531_symbols.txt ABSOLUTE
    l2cc_connor_pkt_format                   0x07f20338   Data           0  da14531_symbols.txt ABSOLUTE
    l2cc_signaling_pkt_format                0x07f20340   Data           0  da14531_symbols.txt ABSOLUTE
    l2cc_security_pkt_format                 0x07f2039c   Data           0  da14531_symbols.txt ABSOLUTE
    l2cc_attribute_pkt_format                0x07f203d8   Data           0  da14531_symbols.txt ABSOLUTE
    smpc_construct_pdu                       0x07f20454   Data           0  da14531_symbols.txt ABSOLUTE
    arch_printf_flush                        0x07f20be5   Thumb Code     0  da14531_symbols.txt ABSOLUTE
    arch_vprintf                             0x07f20c9d   Thumb Code     0  da14531_symbols.txt ABSOLUTE
    arch_printf                              0x07f20cfd   Thumb Code     0  da14531_symbols.txt ABSOLUTE
    arch_puts                                0x07f20d11   Thumb Code     0  da14531_symbols.txt ABSOLUTE
    arch_printf_process                      0x07f20d21   Thumb Code     0  da14531_symbols.txt ABSOLUTE
    nvds_get_func                            0x07f20dcd   Thumb Code     0  da14531_symbols.txt ABSOLUTE
    nvds_init_func                           0x07f20ea9   Thumb Code     0  da14531_symbols.txt ABSOLUTE
    nvds_del_func                            0x07f20ead   Thumb Code     0  da14531_symbols.txt ABSOLUTE
    nvds_put_func                            0x07f20eb1   Thumb Code     0  da14531_symbols.txt ABSOLUTE
    csprng_seed                              0x07f20f49   Thumb Code     0  da14531_symbols.txt ABSOLUTE
    csprng_get_next_uint32                   0x07f20f79   Thumb Code     0  da14531_symbols.txt ABSOLUTE
    trng_acquire                             0x07f21021   Thumb Code     0  da14531_symbols.txt ABSOLUTE
    prf_add_profile_func                     0x07f210d1   Thumb Code     0  da14531_symbols.txt ABSOLUTE
    prf_cleanup_func                         0x07f211b1   Thumb Code     0  da14531_symbols.txt ABSOLUTE
    prf_env_get                              0x07f211f1   Thumb Code     0  da14531_symbols.txt ABSOLUTE
    prf_src_task_get                         0x07f2121d   Thumb Code     0  da14531_symbols.txt ABSOLUTE
    prf_dst_task_get                         0x07f2122d   Thumb Code     0  da14531_symbols.txt ABSOLUTE
    prf_get_id_from_task_func                0x07f21241   Thumb Code     0  da14531_symbols.txt ABSOLUTE
    prf_get_task_from_id_func                0x07f21279   Thumb Code     0  da14531_symbols.txt ABSOLUTE
    prf_reset_func                           0x07f212b1   Thumb Code     0  da14531_symbols.txt ABSOLUTE
    prf_itf_get                              0x07f212fd   Thumb Code     0  da14531_symbols.txt ABSOLUTE
    prf_pack_char_pres_fmt                   0x07f21321   Thumb Code     0  da14531_symbols.txt ABSOLUTE
    prf_pack_date_time                       0x07f2133f   Thumb Code     0  da14531_symbols.txt ABSOLUTE
    prf_unpack_date_time                     0x07f2135f   Thumb Code     0  da14531_symbols.txt ABSOLUTE
    diss_compute_cfg_flag                    0x07f21381   Thumb Code     0  da14531_symbols.txt ABSOLUTE
    diss_handle_to_value                     0x07f21453   Thumb Code     0  da14531_symbols.txt ABSOLUTE
    diss_value_to_handle                     0x07f21483   Thumb Code     0  da14531_symbols.txt ABSOLUTE
    diss_check_val_len                       0x07f214b7   Thumb Code     0  da14531_symbols.txt ABSOLUTE
    diss_prf_itf_get                         0x07f214ed   Thumb Code     0  da14531_symbols.txt ABSOLUTE
    bass_get_att_handle                      0x07f2184b   Thumb Code     0  da14531_symbols.txt ABSOLUTE
    bass_get_att_idx                         0x07f21901   Thumb Code     0  da14531_symbols.txt ABSOLUTE
    bass_exe_operation                       0x07f2196b   Thumb Code     0  da14531_symbols.txt ABSOLUTE
    bass_prf_itf_get                         0x07f21a6d   Thumb Code     0  da14531_symbols.txt ABSOLUTE
    suotar_prf_itf_get                       0x07f22059   Thumb Code     0  da14531_symbols.txt ABSOLUTE
    check_client_char_cfg                    0x07f22355   Thumb Code     0  da14531_symbols.txt ABSOLUTE
    get_value_handle                         0x07f2237f   Thumb Code     0  da14531_symbols.txt ABSOLUTE
    get_cfg_handle                           0x07f223cb   Thumb Code     0  da14531_symbols.txt ABSOLUTE
    custs1_get_att_handle                    0x07f2242d   Thumb Code     0  da14531_symbols.txt ABSOLUTE
    custs1_get_att_idx                       0x07f22449   Thumb Code     0  da14531_symbols.txt ABSOLUTE
    custs1_prf_itf_get                       0x07f22621   Thumb Code     0  da14531_symbols.txt ABSOLUTE
    custs1_init_ccc_values                   0x07f226d3   Thumb Code     0  da14531_symbols.txt ABSOLUTE
    custs1_set_ccc_value                     0x07f2270b   Thumb Code     0  da14531_symbols.txt ABSOLUTE
    gattc_cmp_evt_handler                    0x07f22823   Thumb Code     0  da14531_symbols.txt ABSOLUTE
    custs1_val_set_req_handler               0x07f22837   Thumb Code     0  da14531_symbols.txt ABSOLUTE
    custs1_val_ntf_req_handler               0x07f22857   Thumb Code     0  da14531_symbols.txt ABSOLUTE
    custs1_val_ind_req_handler               0x07f228b3   Thumb Code     0  da14531_symbols.txt ABSOLUTE
    custs1_att_info_rsp_handler              0x07f2290f   Thumb Code     0  da14531_symbols.txt ABSOLUTE
    gattc_read_req_ind_handler               0x07f2294b   Thumb Code     0  da14531_symbols.txt ABSOLUTE
    gattc_att_info_req_ind_handler           0x07f22b57   Thumb Code     0  da14531_symbols.txt ABSOLUTE
    attm_svc_create_db_128                   0x07f22c19   Thumb Code     0  da14531_symbols.txt ABSOLUTE
    gapm_adv_report_ind_handler_ROM          0x07f23085   Thumb Code     0  da14531_symbols.txt ABSOLUTE
    gapc_security_ind_handler_ROM            0x07f2309f   Thumb Code     0  da14531_symbols.txt ABSOLUTE
    gapc_set_dev_info_req_ind_handler_ROM    0x07f23185   Thumb Code     0  da14531_symbols.txt ABSOLUTE
    gapm_profile_added_ind_handler_ROM       0x07f231c7   Thumb Code     0  da14531_symbols.txt ABSOLUTE
    gapc_param_update_req_ind_handler_ROM    0x07f231f9   Thumb Code     0  da14531_symbols.txt ABSOLUTE
    gapc_le_pkt_size_ind_handler_ROM         0x07f23239   Thumb Code     0  da14531_symbols.txt ABSOLUTE
    gattc_svc_changed_cfg_ind_handler_ROM    0x07f23253   Thumb Code     0  da14531_symbols.txt ABSOLUTE
    gapc_peer_features_ind_handler_ROM       0x07f2326f   Thumb Code     0  da14531_symbols.txt ABSOLUTE
    app_entry_point_handler                  0x07f232a9   Thumb Code     0  da14531_symbols.txt ABSOLUTE
    app_std_process_event                    0x07f232f1   Thumb Code     0  da14531_symbols.txt ABSOLUTE
    app_get_address_type_ROM                 0x07f23335   Thumb Code     0  da14531_symbols.txt ABSOLUTE
    app_fill_random_byte_array_ROM           0x07f23361   Thumb Code     0  da14531_symbols.txt ABSOLUTE
    __aeabi_ldivmod                          0x07f233f3   Thumb Code     0  da14531_symbols.txt ABSOLUTE
    __aeabi_llsr                             0x07f2343f   Thumb Code     0  da14531_symbols.txt ABSOLUTE
    _ll_ushift_r                             0x07f2343f   Thumb Code     0  da14531_symbols.txt ABSOLUTE
    __aeabi_uldivmod                         0x07f23461   Thumb Code     0  da14531_symbols.txt ABSOLUTE
    app_db_init_start                        0x07f234c1   Thumb Code     0  da14531_symbols.txt ABSOLUTE
    app_db_init                              0x07f234dd   Thumb Code     0  da14531_symbols.txt ABSOLUTE
    app_easy_gap_confirm                     0x07f234e9   Thumb Code     0  da14531_symbols.txt ABSOLUTE
    append_device_name                       0x07f23515   Thumb Code     0  da14531_symbols.txt ABSOLUTE
    app_easy_gap_update_adv_data             0x07f23539   Thumb Code     0  da14531_symbols.txt ABSOLUTE
    app_easy_gap_disconnect                  0x07f23581   Thumb Code     0  da14531_symbols.txt ABSOLUTE
    app_easy_gap_advertise_stop              0x07f235bd   Thumb Code     0  da14531_symbols.txt ABSOLUTE
    active_conidx_to_conhdl                  0x07f235d9   Thumb Code     0  da14531_symbols.txt ABSOLUTE
    active_conhdl_to_conidx                  0x07f23605   Thumb Code     0  da14531_symbols.txt ABSOLUTE
    app_timer_set                            0x07f23641   Thumb Code     0  da14531_symbols.txt ABSOLUTE
    app_easy_gap_set_data_packet_length      0x07f2365d   Thumb Code     0  da14531_symbols.txt ABSOLUTE
    get_user_prf_srv_perm                    0x07f23699   Thumb Code     0  da14531_symbols.txt ABSOLUTE
    app_set_prf_srv_perm                     0x07f236c1   Thumb Code     0  da14531_symbols.txt ABSOLUTE
    prf_init_srv_perm                        0x07f236f1   Thumb Code     0  da14531_symbols.txt ABSOLUTE
    app_gattc_svc_changed_cmd_send           0x07f23715   Thumb Code     0  da14531_symbols.txt ABSOLUTE
    blank_otp_bdaddr                         0x07f239e4   Data           0  da14531_symbols.txt ABSOLUTE
    app_default_handler                      0x07f23f58   Data           0  da14531_symbols.txt ABSOLUTE
    gap_cfg_user_var_struct                  0x07f23f60   Data           0  da14531_symbols.txt ABSOLUTE
    __Vectors                                0x07fc0000   Data         160  startup_da14531.o(RESET)
    booter_val                               0x07fc00a0   Data           8  otp_cs.o(otp_cs_booter)
    Image$$ER_IROM3$$Base                    0x07fc0110   Number         0  anon$$obj.o ABSOLUTE
    __main                                   0x07fc0111   Thumb Code     0  entry.o(.ARM.Collect$$$$00000000)
    _main_stk                                0x07fc0111   Thumb Code     0  entry4.o(.ARM.Collect$$$$00000003)
    _main_scatterload                        0x07fc0115   Thumb Code     0  entry5.o(.ARM.Collect$$$$00000004)
    __main_after_scatterload                 0x07fc0119   Thumb Code     0  entry5.o(.ARM.Collect$$$$00000004)
    _main_clock                              0x07fc0119   Thumb Code     0  entry7b.o(.ARM.Collect$$$$00000008)
    _main_cpp_init                           0x07fc0119   Thumb Code     0  entry8b.o(.ARM.Collect$$$$0000000A)
    _main_init                               0x07fc0119   Thumb Code     0  entry9a.o(.ARM.Collect$$$$0000000B)
    __rt_final_cpp                           0x07fc0121   Thumb Code     0  entry10a.o(.ARM.Collect$$$$0000000D)
    __rt_final_exit                          0x07fc0121   Thumb Code     0  entry11a.o(.ARM.Collect$$$$0000000F)
    main                                     0x07fc0125   Thumb Code   416  arch_main.o(.text)
    dummyf                                   0x07fc02e1   Thumb Code     2  jump_table.o(.text)
    crypto_init_func                         0x07fc02e3   Thumb Code     2  jump_table.o(.text)
    ba431_get_rand_func                      0x07fc02e5   Thumb Code    24  jump_table.o(.text)
    dia_rand_func                            0x07fc02fd   Thumb Code     8  jump_table.o(.text)
    dia_srand_func                           0x07fc0305   Thumb Code    26  jump_table.o(.text)
    dbg_init_func_empty                      0x07fc031f   Thumb Code     2  jump_table.o(.text)
    dbg_platform_reset_complete_func_empty   0x07fc0321   Thumb Code     2  jump_table.o(.text)
    smpm_ecdh_key_create_empty_func          0x07fc0323   Thumb Code     2  jump_table.o(.text)
    platform_reset_func                      0x07fc0325   Thumb Code    24  jump_table.o(.text)
    arch_disable_sleep                       0x07fc0349   Thumb Code    28  arch_sleep.o(.text)
    arch_set_extended_sleep                  0x07fc0371   Thumb Code    44  arch_sleep.o(.text)
    arch_set_deep_sleep                      0x07fc03a9   Thumb Code   256  arch_sleep.o(.text)
    arch_set_sleep_mode                      0x07fc04d1   Thumb Code    80  arch_sleep.o(.text)
    arch_get_sleep_mode                      0x07fc052d   Thumb Code    20  arch_sleep.o(.text)
    arch_restore_sleep_mode                  0x07fc0545   Thumb Code    68  arch_sleep.o(.text)
    arch_force_active_mode                   0x07fc0595   Thumb Code    48  arch_sleep.o(.text)
    arch_ble_ext_wakeup_on                   0x07fc05d1   Thumb Code     8  arch_sleep.o(.text)
    arch_ble_ext_wakeup_off                  0x07fc05dd   Thumb Code     8  arch_sleep.o(.text)
    arch_ble_ext_wakeup_get                  0x07fc05e9   Thumb Code     8  arch_sleep.o(.text)
    arch_ble_force_wakeup                    0x07fc05f5   Thumb Code    52  arch_sleep.o(.text)
    arch_last_rwble_evt_get                  0x07fc0631   Thumb Code     8  arch_sleep.o(.text)
    init_pwr_and_clk_ble                     0x07fc063d   Thumb Code   152  arch_system.o(.text)
    calibrate_rcx20                          0x07fc06e5   Thumb Code    28  arch_system.o(.text)
    read_rcx_freq                            0x07fc0709   Thumb Code    80  arch_system.o(.text)
    set_sleep_delay                          0x07fc0765   Thumb Code    84  arch_system.o(.text)
    lld_sleep_us_2_lpcycles_sel_func         0x07fc07d5   Thumb Code    20  arch_system.o(.text)
    lld_sleep_lpcycles_2_us_sel_func         0x07fc07f5   Thumb Code     8  arch_system.o(.text)
    conditionally_run_radio_cals             0x07fc07fd   Thumb Code   168  arch_system.o(.text)
    lld_sleep_us_2_lpcycles_rcx_func         0x07fc08bd   Thumb Code    20  arch_system.o(.text)
    lld_sleep_lpcycles_2_us_rcx_func         0x07fc08dd   Thumb Code    40  arch_system.o(.text)
    check_sys_startup_period                 0x07fc0909   Thumb Code    44  arch_system.o(.text)
    app_use_lower_clocks_check               0x07fc0945   Thumb Code     4  arch_system.o(.text)
    lld_sleep_init_func                      0x07fc0949   Thumb Code    28  arch_system.o(.text)
    arch_wkupct_tweak_deb_time               0x07fc096d   Thumb Code    36  arch_system.o(.text)
    arch_set_pxact_gpio                      0x07fc0999   Thumb Code    36  arch_system.o(.text)
    set_xtal32m_trim_value                   0x07fc09c1   Thumb Code    72  arch_system.o(.text)
    xtal32m_configuration                    0x07fc0a11   Thumb Code    48  arch_system.o(.text)
    arch_system_init_vdd_clamp_for_rcx       0x07fc0a45   Thumb Code    28  arch_system.o(.text)
    system_init                              0x07fc0a6d   Thumb Code   452  arch_system.o(.text)
    arch_rom_init                            0x07fc0c6d   Thumb Code   196  arch_rom.o(.text)
    hash                                     0x07fc0df1   Thumb Code    52  hash.o(.text)
    patch_func                               0x07fc0e3d   Thumb Code    40  system_library_531.o(.text)
    otp_cs_store_user_handler                0x07fc0e9d   Thumb Code    56  otp_cs.o(.text)
    otp_cs_store                             0x07fc0edd   Thumb Code   724  otp_cs.o(.text)
    otp_cs_load_pd_rad                       0x07fc11d1   Thumb Code    84  otp_cs.o(.text)
    otp_cs_load_pd_adpll                     0x07fc1235   Thumb Code    68  otp_cs.o(.text)
    otp_hdr_get_bd_address                   0x07fc1289   Thumb Code    12  otp_hdr.o(.text)
    syscntl_use_lowest_amba_clocks           0x07fc1299   Thumb Code    22  syscntl.o(.text)
    syscntl_use_highest_amba_clocks          0x07fc12af   Thumb Code    22  syscntl.o(.text)
    syscntl_cfg_xtal32m_amp_reg              0x07fc12c5   Thumb Code    16  syscntl.o(.text)
    syscntl_por_vbat_high_cfg                0x07fc12dd   Thumb Code    28  syscntl.o(.text)
    syscntl_por_vbat_low_cfg                 0x07fc1305   Thumb Code    28  syscntl.o(.text)
    syscntl_dcdc_get_level                   0x07fc132d   Thumb Code    20  syscntl.o(.text)
    syscntl_dcdc_set_level                   0x07fc1345   Thumb Code    36  syscntl.o(.text)
    syscntl_dcdc_turn_off                    0x07fc1375   Thumb Code    72  syscntl.o(.text)
    syscntl_dcdc_turn_on_in_boost            0x07fc13c9   Thumb Code    80  syscntl.o(.text)
    syscntl_dcdc_turn_on_in_buck             0x07fc1449   Thumb Code    36  syscntl.o(.text)
    GPIO_init                                0x07fc1471   Thumb Code   184  gpio.o(.text)
    GPIO_SetPinFunction                      0x07fc152d   Thumb Code    56  gpio.o(.text)
    GPIO_GetPinFunction                      0x07fc156d   Thumb Code    16  gpio.o(.text)
    GPIO_ConfigurePin                        0x07fc1581   Thumb Code    80  gpio.o(.text)
    GPIO_SetActive                           0x07fc15d5   Thumb Code    52  gpio.o(.text)
    GPIO_SetInactive                         0x07fc1611   Thumb Code    52  gpio.o(.text)
    GPIO_ConfigurePinPower                   0x07fc164d   Thumb Code    60  gpio.o(.text)
    GPIO_GetPinStatus                        0x07fc1691   Thumb Code    52  gpio.o(.text)
    GPIO_is_valid                            0x07fc16cd   Thumb Code    20  gpio.o(.text)
    GPIO_EnableIRQ                           0x07fc16e1   Thumb Code   248  gpio.o(.text)
    GPIO_GetIRQInputLevel                    0x07fc1815   Thumb Code   140  gpio.o(.text)
    GPIO_SetIRQInputLevel                    0x07fc18a5   Thumb Code    32  gpio.o(.text)
    GPIO_ResetIRQ                            0x07fc18c9   Thumb Code    32  gpio.o(.text)
    GPIO_RegisterCallback                    0x07fc18ed   Thumb Code    24  gpio.o(.text)
    GPIOn_Handler                            0x07fc1909   Thumb Code    48  gpio.o(.text)
    GPIO0_Handler                            0x07fc1941   Thumb Code    10  gpio.o(.text)
    GPIO1_Handler                            0x07fc194b   Thumb Code    10  gpio.o(.text)
    GPIO2_Handler                            0x07fc1955   Thumb Code    10  gpio.o(.text)
    GPIO3_Handler                            0x07fc195f   Thumb Code    10  gpio.o(.text)
    GPIO4_Handler                            0x07fc1969   Thumb Code    10  gpio.o(.text)
    GPIO_EnablePorPin                        0x07fc1975   Thumb Code    48  gpio.o(.text)
    GPIO_DisablePorPin                       0x07fc19a9   Thumb Code     8  gpio.o(.text)
    GPIO_SetPorTime                          0x07fc19b5   Thumb Code    12  gpio.o(.text)
    GPIO_GetPorTime                          0x07fc19c5   Thumb Code    12  gpio.o(.text)
    battery_get_voltage                      0x07fc19d5   Thumb Code    12  battery.o(.text)
    battery_get_lvl                          0x07fc19e5   Thumb Code    20  battery.o(.text)
    WKUP_QUADEC_Handler                      0x07fc1afd   Thumb Code   148  wkupct_quadec.o(.text)
    wkupct_enable_irq                        0x07fc1ba5   Thumb Code    76  wkupct_quadec.o(.text)
    wkupct2_enable_irq                       0x07fc1c01   Thumb Code    80  wkupct_quadec.o(.text)
    wkupct_disable_irq                       0x07fc1c61   Thumb Code    24  wkupct_quadec.o(.text)
    wkupct2_disable_irq                      0x07fc1cb9   Thumb Code    24  wkupct_quadec.o(.text)
    wkupct_register_callback                 0x07fc1cd9   Thumb Code     8  wkupct_quadec.o(.text)
    wkupct2_register_callback                0x07fc1ce5   Thumb Code     8  wkupct_quadec.o(.text)
    quad_decoder_register_callback           0x07fc1cf1   Thumb Code     8  wkupct_quadec.o(.text)
    quad_decoder_init                        0x07fc1cfd   Thumb Code    56  wkupct_quadec.o(.text)
    quad_decoder_release                     0x07fc1d41   Thumb Code    24  wkupct_quadec.o(.text)
    quad_decoder_disable_irq                 0x07fc1d65   Thumb Code    20  wkupct_quadec.o(.text)
    quad_decoder_enable_irq                  0x07fc1d7d   Thumb Code    44  wkupct_quadec.o(.text)
    quad_decoder_clear_irq                   0x07fc1db9   Thumb Code    44  wkupct_quadec.o(.text)
    adc_init                                 0x07fc1ded   Thumb Code   328  adc_531.o(.text)
    adc_enable                               0x07fc1f59   Thumb Code    12  adc_531.o(.text)
    adc_reset                                0x07fc1f69   Thumb Code    32  adc_531.o(.text)
    adc_input_shift_enable                   0x07fc1f91   Thumb Code    20  adc_531.o(.text)
    adc_input_shift_disable                  0x07fc1fa9   Thumb Code    12  adc_531.o(.text)
    adc_input_shift_config                   0x07fc1fb9   Thumb Code    36  adc_531.o(.text)
    adc_set_se_input                         0x07fc1fe5   Thumb Code    16  adc_531.o(.text)
    adc_set_diff_input                       0x07fc1ff9   Thumb Code    16  adc_531.o(.text)
    adc_register_interrupt                   0x07fc200d   Thumb Code    40  adc_531.o(.text)
    adc_unregister_interrupt                 0x07fc2045   Thumb Code    36  adc_531.o(.text)
    adc_disable                              0x07fc2079   Thumb Code    12  adc_531.o(.text)
    adc_start                                0x07fc2089   Thumb Code    12  adc_531.o(.text)
    adc_get_sample                           0x07fc2099   Thumb Code    24  adc_531.o(.text)
    adc_offset_calibrate                     0x07fc20b5   Thumb Code   272  adc_531.o(.text)
    ADC_Handler                              0x07fc21e1   Thumb Code    20  adc_531.o(.text)
    adc_correct_sample                       0x07fc21fd   Thumb Code   128  adc_531.o(.text)
    adc_temp_sensor_enable                   0x07fc228d   Thumb Code    24  adc_531.o(.text)
    adc_get_temp                             0x07fc22a9   Thumb Code    32  adc_531.o(.text)
    adc_get_temp_async                       0x07fc230d   Thumb Code    36  adc_531.o(.text)
    adc_store_offsets                        0x07fc2335   Thumb Code    20  adc_531.o(.text)
    adc_load_offsets                         0x07fc2355   Thumb Code    48  adc_531.o(.text)
    adc_reset_offsets                        0x07fc238d   Thumb Code    28  adc_531.o(.text)
    i2c_init                                 0x07fc23b1   Thumb Code   192  i2c.o(.text)
    i2c_setup_master                         0x07fc2485   Thumb Code    64  i2c.o(.text)
    i2c_setup_slave                          0x07fc24c9   Thumb Code    48  i2c.o(.text)
    i2c_release                              0x07fc24fd   Thumb Code    28  i2c.o(.text)
    i2c_master_transmit_buffer_sync          0x07fc2521   Thumb Code   108  i2c.o(.text)
    i2c_master_receive_buffer_sync           0x07fc2595   Thumb Code   128  i2c.o(.text)
    i2c_master_transmit_buffer_async         0x07fc261d   Thumb Code    52  i2c.o(.text)
    i2c_register_int                         0x07fc265d   Thumb Code    12  i2c.o(.text)
    i2c_master_receive_buffer_async          0x07fc26fd   Thumb Code    36  i2c.o(.text)
    i2c_slave_receive_buffer_sync            0x07fc27a1   Thumb Code    32  i2c.o(.text)
    i2c_slave_transmit_buffer_sync           0x07fc27c9   Thumb Code    68  i2c.o(.text)
    i2c_slave_receive_buffer_async           0x07fc2815   Thumb Code    28  i2c.o(.text)
    i2c_slave_transmit_buffer_async          0x07fc2891   Thumb Code    32  i2c.o(.text)
    i2c_unregister_int                       0x07fc2951   Thumb Code    20  i2c.o(.text)
    I2C_Handler                              0x07fc2971   Thumb Code    28  i2c.o(.text)
    UART2_Handler                            0x07fc29f5   Thumb Code   192  uart.o(.text)
    uart_enable                              0x07fc2ac1   Thumb Code    52  uart.o(.text)
    uart_disable                             0x07fc2afd   Thumb Code    80  uart.o(.text)
    uart_baudrate_setf                       0x07fc2b5d   Thumb Code    36  uart.o(.text)
    uart_register_tx_cb                      0x07fc2b81   Thumb Code    20  uart.o(.text)
    uart_register_rx_cb                      0x07fc2b9d   Thumb Code    20  uart.o(.text)
    uart_register_err_cb                     0x07fc2bb9   Thumb Code    20  uart.o(.text)
    uart_initialize                          0x07fc2bd5   Thumb Code   176  uart.o(.text)
    uart_write_byte                          0x07fc2c8d   Thumb Code    10  uart.o(.text)
    uart_write_buffer                        0x07fc2c97   Thumb Code    28  uart.o(.text)
    uart_send                                0x07fc2cb5   Thumb Code    96  uart.o(.text)
    uart_wait_tx_finish                      0x07fc2d45   Thumb Code     8  uart.o(.text)
    uart_read_byte                           0x07fc2d4d   Thumb Code    12  uart.o(.text)
    uart_read_buffer                         0x07fc2d59   Thumb Code    28  uart.o(.text)
    uart_receive                             0x07fc2d75   Thumb Code    96  uart.o(.text)
    uart_enable_flow_control                 0x07fc2de5   Thumb Code    32  uart.o(.text)
    uart_disable_flow_control                0x07fc2e09   Thumb Code    80  uart.o(.text)
    hw_otpc_is_dcdc_reserved                 0x07fc2e9d   Thumb Code     8  hw_otpc_531.o(.text)
    hw_otpc_clear_dcdc_reserved              0x07fc2ea9   Thumb Code     8  hw_otpc_531.o(.text)
    hw_otpc_init                             0x07fc2eb5   Thumb Code    92  hw_otpc_531.o(.text)
    hw_otpc_set_speed                        0x07fc2f21   Thumb Code    28  hw_otpc_531.o(.text)
    hw_otpc_enter_mode                       0x07fc2f55   Thumb Code    64  hw_otpc_531.o(.text)
    hw_otpc_word_prog_and_verify             0x07fc2fd9   Thumb Code    80  hw_otpc_531.o(.text)
    hw_otpc_word_read                        0x07fc302d   Thumb Code    38  hw_otpc_531.o(.text)
    hw_otpc_prog                             0x07fc3055   Thumb Code    72  hw_otpc_531.o(.text)
    hw_otpc_prog_and_verify                  0x07fc30a1   Thumb Code    76  hw_otpc_531.o(.text)
    hw_otpc_read                             0x07fc3131   Thumb Code    58  hw_otpc_531.o(.text)
    hw_otpc_disable                          0x07fc316d   Thumb Code   108  hw_otpc_531.o(.text)
    init_rand_seed_from_trng                 0x07fc31f1   Thumb Code   104  trng.o(.text)
    lld_sleep_compensate_func                0x07fc3271   Thumb Code    64  rwble.o(.text)
    BLE_WAKEUP_LP_Handler                    0x07fc32c5   Thumb Code    56  rwble.o(.text)
    power_up                                 0x07fc3311   Thumb Code    68  rwble.o(.text)
    rwble_isr                                0x07fc335d   Thumb Code   236  rwble.o(.text)
    ble_tx_evt_handler                       0x07fc3459   Thumb Code     2  rwble.o(.text)
    ble_rx_evt_handler                       0x07fc345b   Thumb Code     2  rwble.o(.text)
    BLE_RF_DIAG_Handler                      0x07fc345d   Thumb Code    60  rwble.o(.text)
    patched_ble_regs_push                    0x07fc34a1   Thumb Code    16  rwip.o(.text)
    patched_ble_regs_pop                     0x07fc34b9   Thumb Code    16  rwip.o(.text)
    rwip_sleep                               0x07fc34d1   Thumb Code   372  rwip.o(.text)
    rf_reg_rd                                0x07fc368d   Thumb Code     4  ble_arp.o(.text)
    rf_reg_wr                                0x07fc3691   Thumb Code     2  ble_arp.o(.text)
    rf_init_func                             0x07fc3695   Thumb Code   240  ble_arp.o(.text)
    rf_reinit_func                           0x07fc38a5   Thumb Code    92  ble_arp.o(.text)
    ble_init_arp_func                        0x07fc3931   Thumb Code    28  ble_arp.o(.text)
    rf_recalibration                         0x07fc395d   Thumb Code    32  ble_arp.o(.text)
    set_recommended_settings                 0x07fc39a9   Thumb Code   364  rf_531.o(.text)
    dcoff_calibration                        0x07fc3b95   Thumb Code   208  rf_531.o(.text)
    kdtc_calibration                         0x07fc3c81   Thumb Code   252  rf_531.o(.text)
    en_hclk                                  0x07fc3db1   Thumb Code     8  rf_531.o(.text)
    kdtc_cal_init                            0x07fc3dbd   Thumb Code   100  rf_531.o(.text)
    en_kdtc_cal_mod1                         0x07fc3e29   Thumb Code     8  rf_531.o(.text)
    dis_hclk                                 0x07fc3e35   Thumb Code    16  rf_531.o(.text)
    en_adpll_tx                              0x07fc3e49   Thumb Code    48  rf_531.o(.text)
    dis_adpll                                0x07fc3e89   Thumb Code    36  rf_531.o(.text)
    en_kdtc_cal_mod0                         0x07fc3eb9   Thumb Code    24  rf_531.o(.text)
    dis_kdtc_cal                             0x07fc3ed5   Thumb Code    12  rf_531.o(.text)
    kdtc_cal_end                             0x07fc3ee5   Thumb Code    76  rf_531.o(.text)
    kdco_calibration                         0x07fc3f39   Thumb Code   348  rf_531.o(.text)
    rf_calibration                           0x07fc40ad   Thumb Code     8  rf_531.o(.text)
    rf_power_up                              0x07fc40b5   Thumb Code     2  rf_531.o(.text)
    rf_power_down                            0x07fc40b7   Thumb Code     2  rf_531.o(.text)
    rf_adplldig_ldo_on                       0x07fc40b9   Thumb Code     8  rf_531.o(.text)
    rf_adplldig_txmod                        0x07fc40c5   Thumb Code    12  rf_531.o(.text)
    kdco_cal_init                            0x07fc40d5   Thumb Code    20  rf_531.o(.text)
    kdco_cal_end                             0x07fc40f1   Thumb Code    16  rf_531.o(.text)
    dis_kdco_cal                             0x07fc4109   Thumb Code    24  rf_531.o(.text)
    rf_ldo_cont_mode_en                      0x07fc4125   Thumb Code    80  rf_531.o(.text)
    rf_adplldig_activate                     0x07fc4179   Thumb Code    20  rf_531.o(.text)
    rf_adplldig_deactivate                   0x07fc4191   Thumb Code    12  rf_531.o(.text)
    rf_pa_pwr_set                            0x07fc41a1   Thumb Code     8  rf_531.o(.text)
    rf_pa_pwr_get                            0x07fc41ad   Thumb Code     8  rf_531.o(.text)
    rf_nfm_is_enabled                        0x07fc41b9   Thumb Code     8  rf_531.o(.text)
    rf_nfm_enable                            0x07fc41c5   Thumb Code    24  rf_531.o(.text)
    rf_nfm_disable                           0x07fc41e5   Thumb Code    20  rf_531.o(.text)
    prf_init_func                            0x07fc41fd   Thumb Code    84  prf.o(.text)
    prf_create_func                          0x07fc4259   Thumb Code    40  prf.o(.text)
    default_advertise_operation              0x07fc4285   Thumb Code     8  app_default_handlers.o(.text)
    default_app_on_init                      0x07fc428d   Thumb Code    18  app_default_handlers.o(.text)
    default_app_on_connection                0x07fc42a1   Thumb Code    28  app_default_handlers.o(.text)
    default_app_on_disconnect                0x07fc42c1   Thumb Code     8  app_default_handlers.o(.text)
    default_app_on_set_dev_config_complete   0x07fc42c9   Thumb Code    16  app_default_handlers.o(.text)
    default_app_on_db_init_complete          0x07fc42d9   Thumb Code     8  app_default_handlers.o(.text)
    default_app_on_get_dev_name              0x07fc42e1   Thumb Code    20  app_default_handlers.o(.text)
    default_app_on_get_dev_appearance        0x07fc42f9   Thumb Code     8  app_default_handlers.o(.text)
    default_app_on_get_dev_slv_pref_params   0x07fc4305   Thumb Code    18  app_default_handlers.o(.text)
    default_app_on_set_dev_info              0x07fc4319   Thumb Code    52  app_default_handlers.o(.text)
    default_app_update_params_request        0x07fc4351   Thumb Code    12  app_default_handlers.o(.text)
    default_app_generate_static_random_addr  0x07fc435d   Thumb Code    44  app_default_handlers.o(.text)
    default_app_generate_unique_static_random_addr 0x07fc4389   Thumb Code   108  app_default_handlers.o(.text)
    default_app_on_provide_local_irk         0x07fc4429   Thumb Code    16  app_default_handlers.o(.text)
    app_db_init_next                         0x07fc443d   Thumb Code    48  app.o(.text)
    app_prf_enable                           0x07fc4475   Thumb Code     2  app.o(.text)
    app_init                                 0x07fc4479   Thumb Code    60  app.o(.text)
    app_easy_gap_undirected_advertise_get_active 0x07fc44c1   Thumb Code     8  app.o(.text)
    app_easy_gap_undirected_advertise_start  0x07fc4531   Thumb Code    28  app.o(.text)
    app_easy_gap_directed_advertise_get_active 0x07fc4551   Thumb Code     8  app.o(.text)
    app_easy_gap_directed_advertise_start    0x07fc45d1   Thumb Code    28  app.o(.text)
    app_easy_gap_non_connectable_advertise_get_active 0x07fc45f1   Thumb Code     8  app.o(.text)
    app_easy_gap_non_connectable_advertise_start 0x07fc4661   Thumb Code    36  app.o(.text)
    app_easy_gap_undirected_advertise_with_timeout_start 0x07fc4689   Thumb Code    40  app.o(.text)
    app_easy_gap_advertise_with_timeout_stop 0x07fc46d5   Thumb Code    24  app.o(.text)
    app_easy_gap_param_update_get_active     0x07fc46f1   Thumb Code     8  app.o(.text)
    app_easy_gap_param_update_start          0x07fc4745   Thumb Code    24  app.o(.text)
    app_easy_gap_start_connection_to_get_active 0x07fc4761   Thumb Code     8  app.o(.text)
    app_easy_gap_start_connection_to_set     0x07fc47b5   Thumb Code    38  app.o(.text)
    app_easy_gap_start_connection_to         0x07fc47dd   Thumb Code    20  app.o(.text)
    app_easy_gap_start_scan_get_active       0x07fc47f5   Thumb Code    56  app.o(.text)
    app_easy_gap_start_scan                  0x07fc4835   Thumb Code    28  app.o(.text)
    app_easy_gap_scan_stop                   0x07fc4855   Thumb Code    24  app.o(.text)
    app_easy_gap_dev_config_get_active       0x07fc4871   Thumb Code     8  app.o(.text)
    app_easy_gap_dev_configure               0x07fc48e9   Thumb Code    20  app.o(.text)
    app_easy_gap_get_peer_features           0x07fc4901   Thumb Code    28  app.o(.text)
    app_gap_get_current_handled_connection_idx 0x07fc4921   Thumb Code     8  app_task.o(.text)
    app_gap_process_handler_RAM              0x07fc492d   Thumb Code    28  app_task.o(.text)
    app_check_BLE_active                     0x07fc4bed   Thumb Code    32  app_msg_utils.o(.text)
    app_msg_send_wakeup_ble                  0x07fc4c19   Thumb Code    24  app_msg_utils.o(.text)
    app_timer_api_process_handler            0x07fc4c31   Thumb Code   228  app_easy_timer.o(.text)
    app_easy_timer                           0x07fc4d31   Thumb Code    60  app_easy_timer.o(.text)
    app_easy_timer_cancel                    0x07fc4db1   Thumb Code    76  app_easy_timer.o(.text)
    app_easy_timer_modify                    0x07fc4e0d   Thumb Code   104  app_easy_timer.o(.text)
    app_easy_timer_cancel_all                0x07fc4e89   Thumb Code    40  app_easy_timer.o(.text)
    app_dis_init                             0x07fc4eb9   Thumb Code     2  app_diss.o(.text)
    app_diss_create_db                       0x07fc4ebd   Thumb Code    52  app_diss.o(.text)
    app_diss_process_handler                 0x07fc4ef5   Thumb Code    28  app_diss_task.o(.text)
    app_get_address_type                     0x07fc4fcd   Thumb Code    22  app_utils.o(.text)
    app_fill_random_byte_array               0x07fc4fe3   Thumb Code    12  app_utils.o(.text)
    app_generate_static_key                  0x07fc4fef   Thumb Code    80  app_utils.o(.text)
    GPIO_reservations                        0x07fc5041   Thumb Code    52  user_periph_setup.o(.text)
    set_pad_functions                        0x07fc507d   Thumb Code    20  user_periph_setup.o(.text)
    periph_init                              0x07fc5091   Thumb Code    28  user_periph_setup.o(.text)
    Uart_Receive_Callback                    0x07fc50b1   Thumb Code    56  user_barebone.o(.text)
    swap16                                   0x07fc50f5   Thumb Code     4  user_barebone.o(.text)
    swap32                                   0x07fc50f9   Thumb Code     4  user_barebone.o(.text)
    convert_to_big_endian                    0x07fc50fd   Thumb Code    32  user_barebone.o(.text)
    Check_Data_Frame                         0x07fc511d   Thumb Code   120  user_barebone.o(.text)
    update_data_frame                        0x07fc5199   Thumb Code    36  user_barebone.o(.text)
    initialize_uart                          0x07fc51c1   Thumb Code    52  user_barebone.o(.text)
    convert_time_to_miliseconds              0x07fc5205   Thumb Code    28  user_barebone.o(.text)
    user_app_init                            0x07fc5229   Thumb Code    92  user_barebone.o(.text)
    user_app_adv_start                       0x07fc52a1   Thumb Code    40  user_barebone.o(.text)
    user_app_connection                      0x07fc52d9   Thumb Code    80  user_barebone.o(.text)
    user_app_adv_undirect_complete           0x07fc5335   Thumb Code    12  user_barebone.o(.text)
    user_app_disconnect                      0x07fc5345   Thumb Code    24  user_barebone.o(.text)
    user_catch_rest_hndl                     0x07fc5361   Thumb Code    32  user_barebone.o(.text)
    JT_lld_test_mode_rx_func                 0x07fc53bd   Thumb Code   142  patch_1.o(.text)
    JT_l2cc_pdu_unpack_func                  0x07fc544b   Thumb Code   786  patch_1.o(.text)
    JT_l2cc_pdu_recv_ind_handler_func        0x07fc575d   Thumb Code    72  patch_1.o(.text)
    PATCHED_llm_con_req_ind                  0x07fc57a5   Thumb Code   814  patch_1.o(.text)
    PATCHED_smpc_recv_pair_rand_pdu          0x07fc5ad3   Thumb Code   272  patch_1.o(.text)
    PATCHED_smpc_recv_public_key_exchange_pdu 0x07fc5be3   Thumb Code   106  patch_1.o(.text)
    PATCHED_llc_data_ind_handler             0x07fc5c4d   Thumb Code   176  patch_1.o(.text)
    lld_drop_packet_fix                      0x07fc5cfd   Thumb Code    64  patch_1.o(.text)
    PATCHED_lld_data_ind_handler             0x07fc5d3d   Thumb Code    58  patch_1.o(.text)
    patch_data1                              0x07fc5d77   Thumb Code    12  patch_1.o(.text)
    patch_data2                              0x07fc5d83   Thumb Code     2  patch_1.o(.text)
    patch_global_vars_init                   0x07fc5d85   Thumb Code     2  patch_1.o(.text)
    rf_ldo_calibration                       0x07fc6119   Thumb Code    36  rf_ldo_calibration.o(.text)
    enable_rf_diag_irq                       0x07fc6169   Thumb Code    92  rf_diag.o(.text)
    _WAIT                                    0x07fc61d5   Thumb Code    10  common.o(.text)
    _WAIT10                                  0x07fc61df   Thumb Code    10  common.o(.text)
    _WAIT100                                 0x07fc61e9   Thumb Code    10  common.o(.text)
    _WAIT400                                 0x07fc61f3   Thumb Code    10  common.o(.text)
    _WAIT1000                                0x07fc61fd   Thumb Code    10  common.o(.text)
    arch_asm_delay_us                        0x07fc6211   Thumb Code    32  arch_asm.o(.text)
    __scatterload                            0x07fc6231   Thumb Code    38  init.o(.text)
    __scatterload_rt2                        0x07fc6231   Thumb Code     0  init.o(.text)
    HardFault_HandlerC                       0x07fc6261   Thumb Code   132  hardfault_handler.o(.text.HardFault_HandlerC)
    NMI_HandlerC                             0x07fc62e9   Thumb Code   164  nmi_handler.o(.text.NMI_HandlerC)
    __scatterload_copy                       0x07fc63a5   Thumb Code    14  handlers.o(i.__scatterload_copy)
    __scatterload_null                       0x07fc63b3   Thumb Code     2  handlers.o(i.__scatterload_null)
    __scatterload_zeroinit                   0x07fc63b5   Thumb Code    14  handlers.o(i.__scatterload_zeroinit)
    BusFault_Handler                         0x07fc63c5   Thumb Code     2  startup_da14531.o(startup_code_DA14xxx)
    DMA_Handler                              0x07fc63c5   Thumb Code     2  startup_da14531.o(startup_code_DA14xxx)
    DebugMon_Handler                         0x07fc63c5   Thumb Code     2  startup_da14531.o(startup_code_DA14xxx)
    Default_Handler                          0x07fc63c5   Thumb Code     2  startup_da14531.o(startup_code_DA14xxx)
    KEYBRD_Handler                           0x07fc63c5   Thumb Code     2  startup_da14531.o(startup_code_DA14xxx)
    MemManage_Handler                        0x07fc63c5   Thumb Code     2  startup_da14531.o(startup_code_DA14xxx)
    PendSV_Handler                           0x07fc63c5   Thumb Code     2  startup_da14531.o(startup_code_DA14xxx)
    RESERVED21_Handler                       0x07fc63c5   Thumb Code     2  startup_da14531.o(startup_code_DA14xxx)
    RESERVED22_Handler                       0x07fc63c5   Thumb Code     2  startup_da14531.o(startup_code_DA14xxx)
    RESERVED23_Handler                       0x07fc63c5   Thumb Code     2  startup_da14531.o(startup_code_DA14xxx)
    RFCAL_Handler                            0x07fc63c5   Thumb Code     2  startup_da14531.o(startup_code_DA14xxx)
    RTC_Handler                              0x07fc63c5   Thumb Code     2  startup_da14531.o(startup_code_DA14xxx)
    SPI_Handler                              0x07fc63c5   Thumb Code     2  startup_da14531.o(startup_code_DA14xxx)
    SVC_Handler                              0x07fc63c5   Thumb Code     2  startup_da14531.o(startup_code_DA14xxx)
    SWTIM1_Handler                           0x07fc63c5   Thumb Code     2  startup_da14531.o(startup_code_DA14xxx)
    SWTIM_Handler                            0x07fc63c5   Thumb Code     2  startup_da14531.o(startup_code_DA14xxx)
    SecureFault_Handler                      0x07fc63c5   Thumb Code     2  startup_da14531.o(startup_code_DA14xxx)
    SysTick_Handler                          0x07fc63c5   Thumb Code     2  startup_da14531.o(startup_code_DA14xxx)
    UsageFault_Handler                       0x07fc63c5   Thumb Code     2  startup_da14531.o(startup_code_DA14xxx)
    XTAL32M_RDY_Handler                      0x07fc63c5   Thumb Code     2  startup_da14531.o(startup_code_DA14xxx)
    Reset_Handler                            0x07fc63c9   Thumb Code    16  startup_da14531.o(startup_code_DA14xxx)
    NMI_Handler                              0x07fc63dd   Thumb Code    26  startup_da14531.o(startup_code_DA14xxx)
    HardFault_Handler                        0x07fc63f7   Thumb Code    26  startup_da14531.o(startup_code_DA14xxx)
    SystemInit                               0x07fc6419   Thumb Code   116  system_da14531.o(system_DA14xxx)
    app_default_handler_RAM                  0x07fc64b0   Data           8  app_task.o(.rodata.app_default_handler_RAM)
    app_default_state                        0x07fc64b8   Data           8  app_task.o(.rodata.app_default_state)
    app_process_handlers                     0x07fc6530   Data          16  app_entry_point.o(.rodata.app_process_handlers)
    arp_init_table                           0x07fc6540   Data         112  ble_arp.o(.rodata.arp_init_table)
    catch_rest                               0x07fc65b8   Data           4  app_entry_point.o(.rodata.catch_rest)
    my_custom_msg_handlers                   0x07fc65d0   Data          24  system_library_531.o(.rodata.my_custom_msg_handlers)
    prf_funcs                                0x07fc65f8   Data          24  app.o(.rodata.prf_funcs)
    prf_if                                   0x07fc6610   Data          16  prf.o(.rodata.prf_if)
    rom_app_task_cfg                         0x07fc6620   Data          32  app_entry_point.o(.rodata.rom_app_task_cfg)
    rom_cfg_table_var                        0x07fc6640   Data         236  jump_table.o(.rodata.rom_cfg_table_var)
    rom_chacha20_cfg                         0x07fc672c   Data          16  chacha20.o(.rodata.rom_chacha20_cfg)
    rom_func_addr_table_var                  0x07fc673c   Data         380  jump_table.o(.rodata.rom_func_addr_table_var)
    rom_nvds_cfg                             0x07fc68b8   Data           8  nvds.o(.rodata.rom_nvds_cfg)
    rom_prf_cfg                              0x07fc68c0   Data          12  prf.o(.rodata.rom_prf_cfg)
    Region$$Table$$Base                      0x07fc6944   Number         0  anon$$obj.o(Region$$Table)
    Region$$Table$$Limit                     0x07fc6974   Number         0  anon$$obj.o(Region$$Table)
    data_frame                               0x07fc6974   Data          24  user_barebone.o(.data.data_frame)
    pa_en_dcf_tx_setting                     0x07fc698c   Data           1  rf_531.o(.data.pa_en_dcf_tx_setting)
    startup_sleep_delay                      0x07fc6990   Data           4  arch_system.o(.data.startup_sleep_delay)
    twirq_reset_value                        0x07fc6ebc   Data           4  arch_system.o(.bss..L_MergedGlobals.1)
    twirq_set_value                          0x07fc6ec0   Data           4  arch_system.o(.bss..L_MergedGlobals.1)
    is_advertising                           0x07fc6ec8   Data           1  user_barebone.o(.bss..L_MergedGlobals.1)
    rx_byte                                  0x07fc6ec9   Data           1  user_barebone.o(.bss..L_MergedGlobals.1)
    adv_timer                                0x07fc6eca   Data           1  user_barebone.o(.bss..L_MergedGlobals.1)
    pause_timer                              0x07fc6ecb   Data           1  user_barebone.o(.bss..L_MergedGlobals.1)
    ttime_milli                              0x07fc6ecc   Data           4  user_barebone.o(.bss..L_MergedGlobals.1)
    p_rx                                     0x07fc6ed0   Data           4  user_barebone.o(.bss..L_MergedGlobals.1)
    time                                     0x07fc6ed4   Data           6  user_barebone.o(.bss..L_MergedGlobals.1)
    buffer                                   0x07fc6ee0   Data           8  user_barebone.o(.bss..L_MergedGlobals.1)
    calibration_res                          0x07fc6eea   Data          42  rf_531.o(.bss.calibration_res)
    flag_df_is_ready                         0x07fc6f14   Data           1  user_barebone.o(.bss.flag_df_is_ready)
    otp_hdr_timestamp                        0x07fc6f1c   Data           4  arch_system.o(.bss.otp_hdr_timestamp)
    syscntl_dcdc_state                       0x07fc6f20   Data           2  syscntl.o(.bss.syscntl_dcdc_state)
    twext_value                              0x07fc6f24   Data           4  rwip.o(.bss.twext_value)
    stack_var                                0x07fc6f2c   Data        1792  startup_da14531.o(.bss.stack)
    Image$$ARM_LIB_STACK$$ZI$$Limit          0x07fc762c   Number         0  anon$$obj.o ABSOLUTE
    rwip_heap_non_ret                        0x07fc762c   Data        1036  jump_table.o(.bss.heap_mem_area_not_ret)
    clk_freq_trim_reg_value                  0x07fc8bc8   Data           2  arch_system.o(.bss.retention_mem_area0)
    lp_clk_sel                               0x07fc8bcc   Data           4  arch_system.o(.bss.retention_mem_area0)
    force_rf_cal                             0x07fc8bd0   Data           1  arch_system.o(.bss.retention_mem_area0)
    iq_trim_bias_ctrl1_reg                   0x07fc8bd2   Data           2  arch_system.o(.bss.retention_mem_area0)
    iq_trim_rf_mixer_ctrl1_reg               0x07fc8bd4   Data           2  arch_system.o(.bss.retention_mem_area0)
    heap_usage_env                           0x07fc8bd6   Data           8  arch_system.o(.bss.retention_mem_area0)
    heap_usage_db                            0x07fc8bde   Data           8  arch_system.o(.bss.retention_mem_area0)
    heap_usage_msg                           0x07fc8be6   Data           8  arch_system.o(.bss.retention_mem_area0)
    heap_usage_nonRet                        0x07fc8bee   Data           8  arch_system.o(.bss.retention_mem_area0)
    rcx_cal_in_progress                      0x07fc8bf8   Data           1  arch_system.o(.bss.retention_mem_area0)
    rf_cal_last_temp                         0x07fc8bf9   Data           1  arch_system.o(.bss.retention_mem_area0)
    sys_startup_flag                         0x07fc8bfa   Data           1  arch_system.o(.bss.retention_mem_area0)
    xtal_wait_trim                           0x07fc8bfc   Data           2  arch_system.o(.bss.retention_mem_area0)
    arch_wkupct_deb_time                     0x07fc8bfe   Data           2  arch_system.o(.bss.retention_mem_area0)
    last_time                                0x07fc8c00   Data           4  arch_system.o(.bss.retention_mem_area0)
    dev_bdaddr                               0x07fc8c08   Data           6  arch_system.o(.bss.retention_mem_area0)
    rcx_time_data                            0x07fc8c10   Data          16  arch_system.o(.bss.retention_mem_area0)
    heap_log                                 0x07fc8c20   Data           2  system_library_531.o(.bss.retention_mem_area0)
    lld_force_timeout_refresh                0x07fc8c22   Data           3  system_library_531.o(.bss.retention_mem_area0)
    skip_slave_latency_mask                  0x07fc8c25   Data           1  system_library_531.o(.bss.retention_mem_area0)
    otp_cs                                   0x07fc8c28   Data         108  otp_cs.o(.bss.retention_mem_area0)
    GPIOHandlerFunction                      0x07fc8c98   Data          20  gpio.o(.bss.retention_mem_area0)
    GPIO_status                              0x07fc8cb0   Data           8  gpio.o(.bss.retention_mem_area0)
    GPIO                                     0x07fc8cb8   Data          48  gpio.o(.bss.retention_mem_area0)
    dcdc_reserved                            0x07fc8d74   Data           1  hw_otpc_531.o(.bss.retention_mem_area0)
    rf_ldo_calibrated_value                  0x07fc8d78   Data           1  rwble.o(.bss.retention_mem_area0)
    arch_rwble_last_event                    0x07fc8d79   Data           1  rwble.o(.bss.retention_mem_area0)
    set_boost_low_vbat1v_overhead            0x07fc8d7a   Data           1  rwble.o(.bss.retention_mem_area0)
    ble_finetim_corr                         0x07fc8d7c   Data           4  rwble.o(.bss.retention_mem_area0)
    retained_BLE_EM_BASE_REG                 0x07fc8d80   Data           4  rwip.o(.bss.retention_mem_area0)
    sleep_lp_cycles                          0x07fc8d84   Data           4  rwip.o(.bss.retention_mem_area0)
    slp_period_retained                      0x07fc8d88   Data           4  rwip.o(.bss.retention_mem_area0)
    rf_ldo_calibration_pending               0x07fc8d8c   Data           1  ble_arp.o(.bss.retention_mem_area0)
    rf_ldo_init_value                        0x07fc8d8d   Data           1  ble_arp.o(.bss.retention_mem_area0)
    rf_tx_pwr_lvl                            0x07fc8d90   Data           1  rf_531.o(.bss.retention_mem_area0)
    prf_env                                  0x07fc8d98   Data          24  prf.o(.bss.retention_mem_area0)
    app_prf_srv_perm                         0x07fc8dc8   Data          20  app.o(.bss.retention_mem_area0)
    app_env                                  0x07fc8de4   Data          12  app.o(.bss.retention_mem_area0)
    device_info                              0x07fc8df0   Data          36  app.o(.bss.retention_mem_area0)
    app_state                                0x07fc8e15   Data           1  app_task.o(.bss.retention_mem_area0)
    mnf_data                                 0x07fc8e68   Data           6  user_barebone.o(.bss.retention_mem_area0)
    mnf_data_index                           0x07fc8e6e   Data           1  user_barebone.o(.bss.retention_mem_area0)
    stored_scan_rsp_data_len                 0x07fc8e6f   Data           1  user_barebone.o(.bss.retention_mem_area0)
    stored_scan_rsp_data                     0x07fc8e70   Data          31  user_barebone.o(.bss.retention_mem_area0)
    stored_adv_data_len                      0x07fc8e8f   Data           1  user_barebone.o(.bss.retention_mem_area0)
    app_connection_idx                       0x07fc8e90   Data           1  user_barebone.o(.bss.retention_mem_area0)
    app_adv_data_update_timer_used           0x07fc8e91   Data           1  user_barebone.o(.bss.retention_mem_area0)
    app_param_update_request_timer_used      0x07fc8e92   Data           1  user_barebone.o(.bss.retention_mem_area0)
    stored_adv_data                          0x07fc8e93   Data          31  user_barebone.o(.bss.retention_mem_area0)
    Image$$RET_HEAP_DB$$Base                 0x07fc8eb4   Number         0  anon$$obj.o ABSOLUTE
    rwip_heap_db_ret                         0x07fc8eb4   Data        1036  jump_table.o(.bss.heap_db_area)
    rwip_heap_env_ret                        0x07fc92c0   Data         696  jump_table.o(.bss.heap_env_area)
    rwip_heap_msg_ret                        0x07fc9578   Data        1404  jump_table.o(.bss.heap_msg_area)
    dummy                                    0x07fc9c00   Data           0  da14531_symbols.txt ABSOLUTE
    trng_state_val                           0x07fcb89c   Data           4  trng.o(.bss.trng_state)
    ble_wakeup_executed                      0x07fcb900   Data           0  da14531_symbols.txt ABSOLUTE
    rf_in_sleep                              0x07fcb901   Data           0  da14531_symbols.txt ABSOLUTE
    custom_preinit                           0x07fcb904   Data           0  da14531_symbols.txt ABSOLUTE
    custom_postinit                          0x07fcb908   Data           0  da14531_symbols.txt ABSOLUTE
    custom_appinit                           0x07fcb90c   Data           0  da14531_symbols.txt ABSOLUTE
    custom_preloop                           0x07fcb910   Data           0  da14531_symbols.txt ABSOLUTE
    custom_preschedule                       0x07fcb914   Data           0  da14531_symbols.txt ABSOLUTE
    custom_postschedule                      0x07fcb918   Data           0  da14531_symbols.txt ABSOLUTE
    custom_postschedule_async                0x07fcb91c   Data           0  da14531_symbols.txt ABSOLUTE
    custom_presleepcheck                     0x07fcb920   Data           0  da14531_symbols.txt ABSOLUTE
    custom_appsleepset                       0x07fcb924   Data           0  da14531_symbols.txt ABSOLUTE
    custom_postsleepcheck                    0x07fcb928   Data           0  da14531_symbols.txt ABSOLUTE
    custom_presleepenter                     0x07fcb92c   Data           0  da14531_symbols.txt ABSOLUTE
    custom_postsleepexit                     0x07fcb930   Data           0  da14531_symbols.txt ABSOLUTE
    custom_prewakeup                         0x07fcb934   Data           0  da14531_symbols.txt ABSOLUTE
    custom_postwakeup                        0x07fcb938   Data           0  da14531_symbols.txt ABSOLUTE
    custom_preidlecheck                      0x07fcb93c   Data           0  da14531_symbols.txt ABSOLUTE
    custom_pti_set                           0x07fcb940   Data           0  da14531_symbols.txt ABSOLUTE
    REG_BLE_EM_TX_BUFFER_SIZE                0x07fcb944   Data           0  da14531_symbols.txt ABSOLUTE
    REG_BLE_EM_RX_BUFFER_SIZE                0x07fcb948   Data           0  da14531_symbols.txt ABSOLUTE
    _ble_base                                0x07fcb94c   Data           0  da14531_symbols.txt ABSOLUTE
    gap_cfg_user                             0x07fcb950   Data           0  da14531_symbols.txt ABSOLUTE
    rom_func_addr_table                      0x07fcb954   Data           0  da14531_symbols.txt ABSOLUTE
    rom_cfg_table                            0x07fcb958   Data           0  da14531_symbols.txt ABSOLUTE
    BLE_TX_DESC_DATA_USER                    0x07fcb95c   Data           0  da14531_symbols.txt ABSOLUTE
    BLE_TX_DESC_CNTL_USER                    0x07fcb960   Data           0  da14531_symbols.txt ABSOLUTE
    LLM_LE_ADV_DUMMY_IDX                     0x07fcb964   Data           0  da14531_symbols.txt ABSOLUTE
    LLM_LE_SCAN_CON_REQ_ADV_DIR_IDX          0x07fcb968   Data           0  da14531_symbols.txt ABSOLUTE
    LLM_LE_SCAN_RSP_IDX                      0x07fcb96c   Data           0  da14531_symbols.txt ABSOLUTE
    LLM_LE_ADV_IDX                           0x07fcb970   Data           0  da14531_symbols.txt ABSOLUTE
    length_exchange_needed                   0x07fcb974   Data           0  da14531_symbols.txt ABSOLUTE
    enh_con_cmp_cnt                          0x07fcb978   Data           0  da14531_symbols.txt ABSOLUTE
    rx_pkt_cnt                               0x07fcb980   Data           0  da14531_symbols.txt ABSOLUTE
    rx_pkt_cnt_bad                           0x07fcb984   Data           0  da14531_symbols.txt ABSOLUTE
    rx_pkt_cnt_bad_adv                       0x07fcb988   Data           0  da14531_symbols.txt ABSOLUTE
    rx_pkt_cnt_bad_scn                       0x07fcb98c   Data           0  da14531_symbols.txt ABSOLUTE
    rx_pkt_cnt_bad_oth                       0x07fcb990   Data           0  da14531_symbols.txt ABSOLUTE
    rx_pkt_cnt_bad_wo_sync_err               0x07fcb994   Data           0  da14531_symbols.txt ABSOLUTE
    rx_pkt_cnt_bad_con                       0x07fcb998   Data           0  da14531_symbols.txt ABSOLUTE
    connect_req_cnt                          0x07fcb99c   Data           0  da14531_symbols.txt ABSOLUTE
    last_status                              0x07fcb9a0   Data           0  da14531_symbols.txt ABSOLUTE
    llc_state                                0x07fcb9a4   Data           0  da14531_symbols.txt ABSOLUTE
    lld_sleep_env                            0x07fcb9a8   Data           0  da14531_symbols.txt ABSOLUTE
    lld_wlcoex_enable                        0x07fcb9ac   Data           0  da14531_symbols.txt ABSOLUTE
    ble_duplicate_filter_max                 0x07fcb9b0   Data           0  da14531_symbols.txt ABSOLUTE
    ble_duplicate_filter_found               0x07fcb9b1   Data           0  da14531_symbols.txt ABSOLUTE
    alter_conn_adv_all_cnt                   0x07fcb9b4   Data           0  da14531_symbols.txt ABSOLUTE
    alter_conn_adv_dir_cnt                   0x07fcb9b8   Data           0  da14531_symbols.txt ABSOLUTE
    alter_conn_adv_cnt                       0x07fcb9bc   Data           0  da14531_symbols.txt ABSOLUTE
    create_conn_cnt                          0x07fcb9c0   Data           0  da14531_symbols.txt ABSOLUTE
    alter_conn_cnt                           0x07fcb9c4   Data           0  da14531_symbols.txt ABSOLUTE
    alter_conn_restart_cnt                   0x07fcb9c8   Data           0  da14531_symbols.txt ABSOLUTE
    alter_conn_peer_addr                     0x07fcb9cc   Data           0  da14531_symbols.txt ABSOLUTE
    alter_conn_local_addr                    0x07fcb9d2   Data           0  da14531_symbols.txt ABSOLUTE
    set_adv_data_discard_old                 0x07fcb9d8   Data           0  da14531_symbols.txt ABSOLUTE
    llm_resolving_list_max                   0x07fcb9d9   Data           0  da14531_symbols.txt ABSOLUTE
    llm_local_le_feats                       0x07fcb9da   Data           0  da14531_symbols.txt ABSOLUTE
    llm_bt_env                               0x07fcb9e2   Data           0  da14531_symbols.txt ABSOLUTE
    init_tx_cnt_cntl_cnt1                    0x07fcb9ec   Data           0  da14531_symbols.txt ABSOLUTE
    init_tx_cnt_cntl_cnt                     0x07fcb9f0   Data           0  da14531_symbols.txt ABSOLUTE
    tx_cnt_cntl_cnt                          0x07fcb9f4   Data           0  da14531_symbols.txt ABSOLUTE
    llm_state                                0x07fcb9f8   Data           0  da14531_symbols.txt ABSOLUTE
    delay_us_cnt                             0x07fcb9fa   Data           0  da14531_symbols.txt ABSOLUTE
    gtl_state                                0x07fcb9fc   Data           0  da14531_symbols.txt ABSOLUTE
    use_h4tl                                 0x07fcb9fd   Data           0  da14531_symbols.txt ABSOLUTE
    hci_cmd_desc_root_tab                    0x07fcba00   Data           0  da14531_symbols.txt ABSOLUTE
    gattc_state                              0x07fcba30   Data           0  da14531_symbols.txt ABSOLUTE
    gattm_state                              0x07fcba33   Data           0  da14531_symbols.txt ABSOLUTE
    l2cc_state                               0x07fcba34   Data           0  da14531_symbols.txt ABSOLUTE
    l2cm_env                                 0x07fcba38   Data           0  da14531_symbols.txt ABSOLUTE
    gapc_state                               0x07fcba3e   Data           0  da14531_symbols.txt ABSOLUTE
    gapm_state                               0x07fcba41   Data           0  da14531_symbols.txt ABSOLUTE
    whitelist_fix                            0x07fcba42   Data           0  da14531_symbols.txt ABSOLUTE
    ecdh_key_creation_in_progress            0x07fcba44   Data           0  da14531_symbols.txt ABSOLUTE
    ke_free_bad                              0x07fcba48   Data           0  da14531_symbols.txt ABSOLUTE
    DISABLE_KE_TASK_ALTERNATIVE_SAVED_QUEUE  0x07fcba4c   Data           0  da14531_symbols.txt ABSOLUTE
    rwip_env                                 0x07fcba54   Data           0  da14531_symbols.txt ABSOLUTE
    _rand_state_ROM_DATA                     0x07fcba5c   Data           0  da14531_symbols.txt ABSOLUTE
    custom_msg_handlers                      0x07fcba60   Data           0  da14531_symbols.txt ABSOLUTE
    ble_reg_save                             0x07fcba64   Data           0  da14531_symbols.txt ABSOLUTE
    sleep_env                                0x07fcbab4   Data           0  da14531_symbols.txt ABSOLUTE
    uart_env                                 0x07fcbab8   Data           0  da14531_symbols.txt ABSOLUTE
    ke_mem_heaps_used                        0x07fcbadc   Data           0  da14531_symbols.txt ABSOLUTE
    co_buf_env                               0x07fcbae0   Data           0  da14531_symbols.txt ABSOLUTE
    llc_env                                  0x07fcbb78   Data           0  da14531_symbols.txt ABSOLUTE
    lld_evt_env                              0x07fcbb84   Data           0  da14531_symbols.txt ABSOLUTE
    llm_le_env                               0x07fcbbb0   Data           0  da14531_symbols.txt ABSOLUTE
    llm_local_cmds                           0x07fcbcb0   Data           0  da14531_symbols.txt ABSOLUTE
    gtl_env                                  0x07fcbd30   Data           0  da14531_symbols.txt ABSOLUTE
    hci_env                                  0x07fcbd78   Data           0  da14531_symbols.txt ABSOLUTE
    h4tl_env                                 0x07fcbd88   Data           0  da14531_symbols.txt ABSOLUTE
    gattc_env                                0x07fcbda0   Data           0  da14531_symbols.txt ABSOLUTE
    gattm_env                                0x07fcbdac   Data           0  da14531_symbols.txt ABSOLUTE
    l2cc_env                                 0x07fcbdd0   Data           0  da14531_symbols.txt ABSOLUTE
    ecdh_key                                 0x07fcbddc   Data           0  da14531_symbols.txt ABSOLUTE
    gapc_env                                 0x07fcbe3c   Data           0  da14531_symbols.txt ABSOLUTE
    gapm_env                                 0x07fcbe48   Data           0  da14531_symbols.txt ABSOLUTE
    ke_env                                   0x07fcbe74   Data           0  da14531_symbols.txt ABSOLUTE
    rwip_rf                                  0x07fcbf58   Data           0  da14531_symbols.txt ABSOLUTE



==============================================================================

Memory Map of the image

  Image Entry point : 0x07fc0111

  Load Region LR_IROM1 (Base: 0x07fc0000, Size: 0x000000a8, Max: 0x000000c0, ABSOLUTE)

    Execution Region ER_IROM1 (Exec base: 0x07fc0000, Load base: 0x07fc0000, Size: 0x000000a8, Max: 0x000000c0, ABSOLUTE)

    Exec Addr    Load Addr    Size         Type   Attr      Idx    E Section Name        Object

    0x07fc0000   0x07fc0000   0x000000a0   Data   RO           16    RESET               startup_da14531.o
    0x07fc00a0   0x07fc00a0   0x00000008   Data   RW          143    otp_cs_booter       otp_cs.o



  Load Region LR_IROM2 (Base: 0x07fc00c0, Size: 0x00000000, Max: 0x00000050, ABSOLUTE)

    Execution Region ER_IROM2 (Exec base: 0x07fc00c0, Load base: 0x07fc00c0, Size: 0x00000050, Max: 0x00000050, ABSOLUTE)

    Exec Addr    Load Addr    Size         Type   Attr      Idx    E Section Name        Object

    0x07fc00c0        -       0x00000050   Zero   RW            1    ER_IROM2.bss        anon$$obj.o



  Load Region LR_IROM3 (Base: 0x07fc0110, Size: 0x00006884, Max: 0x00008ab0, ABSOLUTE)

    Execution Region ER_IROM3 (Exec base: 0x07fc0110, Load base: 0x07fc0110, Size: 0x00006884, Max: 0x00008ab0, ABSOLUTE)

    Exec Addr    Load Addr    Size         Type   Attr      Idx    E Section Name        Object

    0x07fc0110   0x07fc0110   0x00000000   Code   RO          489  * .ARM.Collect$$$$00000000  mc_p.l(entry.o)
    0x07fc0110   0x07fc0110   0x00000004   Code   RO          490    .ARM.Collect$$$$00000003  mc_p.l(entry4.o)
    0x07fc0114   0x07fc0114   0x00000004   Code   RO          493    .ARM.Collect$$$$00000004  mc_p.l(entry5.o)
    0x07fc0118   0x07fc0118   0x00000000   Code   RO          495    .ARM.Collect$$$$00000008  mc_p.l(entry7b.o)
    0x07fc0118   0x07fc0118   0x00000000   Code   RO          497    .ARM.Collect$$$$0000000A  mc_p.l(entry8b.o)
    0x07fc0118   0x07fc0118   0x00000008   Code   RO          498    .ARM.Collect$$$$0000000B  mc_p.l(entry9a.o)
    0x07fc0120   0x07fc0120   0x00000000   Code   RO          500    .ARM.Collect$$$$0000000D  mc_p.l(entry10a.o)
    0x07fc0120   0x07fc0120   0x00000000   Code   RO          502    .ARM.Collect$$$$0000000F  mc_p.l(entry11a.o)
    0x07fc0120   0x07fc0120   0x00000004   Code   RO          491    .ARM.Collect$$$$00002714  mc_p.l(entry4.o)
    0x07fc0124   0x07fc0124   0x000001bc   Code   RO           50    .text               arch_main.o
    0x07fc02e0   0x07fc02e0   0x00000068   Code   RO           60    .text               jump_table.o
    0x07fc0348   0x07fc0348   0x000002f4   Code   RO           74    .text               arch_sleep.o
    0x07fc063c   0x07fc063c   0x00000630   Code   RO           84    .text               arch_system.o
    0x07fc0c6c   0x07fc0c6c   0x00000184   Code   RO          105    .text               arch_rom.o
    0x07fc0df0   0x07fc0df0   0x0000004c   Code   RO          120    .text               hash.o
    0x07fc0e3c   0x07fc0e3c   0x00000060   Code   RO          129    .text               system_library_531.o
    0x07fc0e9c   0x07fc0e9c   0x000003ec   Code   RO          141    .text               otp_cs.o
    0x07fc1288   0x07fc1288   0x00000010   Code   RO          153    .text               otp_hdr.o
    0x07fc1298   0x07fc1298   0x000001d8   Code   RO          161    .text               syscntl.o
    0x07fc1470   0x07fc1470   0x00000564   Code   RO          170    .text               gpio.o
    0x07fc19d4   0x07fc19d4   0x00000128   Code   RO          180    .text               battery.o
    0x07fc1afc   0x07fc1afc   0x000002f0   Code   RO          189    .text               wkupct_quadec.o
    0x07fc1dec   0x07fc1dec   0x000005c4   Code   RO          198    .text               adc_531.o
    0x07fc23b0   0x07fc23b0   0x00000644   Code   RO          229    .text               i2c.o
    0x07fc29f4   0x07fc29f4   0x000004a8   Code   RO          249    .text               uart.o
    0x07fc2e9c   0x07fc2e9c   0x00000354   Code   RO          259    .text               hw_otpc_531.o
    0x07fc31f0   0x07fc31f0   0x00000080   Code   RO          269    .text               trng.o
    0x07fc3270   0x07fc3270   0x00000230   Code   RO          281    .text               rwble.o
    0x07fc34a0   0x07fc34a0   0x000001ec   Code   RO          290    .text               rwip.o
    0x07fc368c   0x07fc368c   0x0000031c   Code   RO          300    .text               ble_arp.o
    0x07fc39a8   0x07fc39a8   0x00000854   Code   RO          311    .text               rf_531.o
    0x07fc41fc   0x07fc41fc   0x00000088   Code   RO          323    .text               prf.o
    0x07fc4284   0x07fc4284   0x000001b8   Code   RO          337    .text               app_default_handlers.o
    0x07fc443c   0x07fc443c   0x000004e4   Code   RO          347    .text               app.o
    0x07fc4920   0x07fc4920   0x000002cc   Code   RO          360    .text               app_task.o
    0x07fc4bec   0x07fc4bec   0x00000044   Code   RO          384    .text               app_msg_utils.o
    0x07fc4c30   0x07fc4c30   0x00000288   Code   RO          392    .text               app_easy_timer.o
    0x07fc4eb8   0x07fc4eb8   0x0000003c   Code   RO          412    .text               app_diss.o
    0x07fc4ef4   0x07fc4ef4   0x000000d8   Code   RO          420    .text               app_diss_task.o
    0x07fc4fcc   0x07fc4fcc   0x00000072   Code   RO          431    .text               app_utils.o
    0x07fc503e   0x07fc503e   0x00000002   PAD
    0x07fc5040   0x07fc5040   0x00000070   Code   RO          457    .text               user_periph_setup.o
    0x07fc50b0   0x07fc50b0   0x0000030c   Code   RO          464    .text               user_barebone.o
    0x07fc53bc   0x07fc53bc   0x000009ec   Code   RO          478    .text               da14531.lib(patch_1.o)
    0x07fc5da8   0x07fc5da8   0x000003c0   Code   RO          480    .text               da14531.lib(rf_ldo_calibration.o)
    0x07fc6168   0x07fc6168   0x0000006c   Code   RO          483    .text               da14531.lib(rf_diag.o)
    0x07fc61d4   0x07fc61d4   0x0000003c   Code   RO          485    .text               da14531.lib(common.o)
    0x07fc6210   0x07fc6210   0x00000020   Code   RO          487    .text               da14531.lib(arch_asm.o)
    0x07fc6230   0x07fc6230   0x00000030   Code   RO          504    .text               mc_p.l(init.o)
    0x07fc6260   0x07fc6260   0x00000088   Code   RO           25    .text.HardFault_HandlerC  hardfault_handler.o
    0x07fc62e8   0x07fc62e8   0x000000bc   Code   RO           34    .text.NMI_HandlerC  nmi_handler.o
    0x07fc63a4   0x07fc63a4   0x0000000e   Code   RO          508    i.__scatterload_copy  mc_p.l(handlers.o)
    0x07fc63b2   0x07fc63b2   0x00000002   Code   RO          509    i.__scatterload_null  mc_p.l(handlers.o)
    0x07fc63b4   0x07fc63b4   0x0000000e   Code   RO          510    i.__scatterload_zeroinit  mc_p.l(handlers.o)
    0x07fc63c2   0x07fc63c2   0x00000002   PAD
    0x07fc63c4   0x07fc63c4   0x00000054   Code   RO           14    startup_code_DA14xxx  startup_da14531.o
    0x07fc6418   0x07fc6418   0x00000088   Code   RO            4    system_DA14xxx      system_da14531.o
    0x07fc64a0   0x07fc64a0   0x00000010   Data   RO          352    .rodata.TASK_DESC_APP  app.o
    0x07fc64b0   0x07fc64b0   0x00000008   Data   RO          364    .rodata.app_default_handler_RAM  app_task.o
    0x07fc64b8   0x07fc64b8   0x00000008   Data   RO          363    .rodata.app_default_state  app_task.o
    0x07fc64c0   0x07fc64c0   0x00000008   Data   RO          422    .rodata.app_diss_process_handlers  app_diss_task.o
    0x07fc64c8   0x07fc64c8   0x00000068   Data   RO          365    .rodata.app_gap_process_handlers  app_task.o
    0x07fc6530   0x07fc6530   0x00000010   Data   RO          376    .rodata.app_process_handlers  app_entry_point.o
    0x07fc6540   0x07fc6540   0x00000070   Data   RO          303    .rodata.arp_init_table  ble_arp.o
    0x07fc65b0   0x07fc65b0   0x00000008   Data   RO          182    .rodata.batt_cal_volt  battery.o
    0x07fc65b8   0x07fc65b8   0x00000004   Data   RO          377    .rodata.catch_rest  app_entry_point.o
    0x07fc65bc   0x07fc65bc   0x00000014   Data   RO          339    .rodata.irk_key_seed  app_default_handlers.o
    0x07fc65d0   0x07fc65d0   0x00000018   Data   RO          131    .rodata.my_custom_msg_handlers  system_library_531.o
    0x07fc65e8   0x07fc65e8   0x0000000e   Data   RO           44    .rodata.nvds_data_storage  nvds.o
    0x07fc65f6   0x07fc65f6   0x00000002   PAD
    0x07fc65f8   0x07fc65f8   0x00000018   Data   RO          349    .rodata.prf_funcs   app.o
    0x07fc6610   0x07fc6610   0x00000010   Data   RO          325    .rodata.prf_if      prf.o
    0x07fc6620   0x07fc6620   0x00000020   Data   RO          379    .rodata.rom_app_task_cfg  app_entry_point.o
    0x07fc6640   0x07fc6640   0x000000ec   Data   RO           67    .rodata.rom_cfg_table_var  jump_table.o
    0x07fc672c   0x07fc672c   0x00000010   Data   RO          115    .rodata.rom_chacha20_cfg  chacha20.o
    0x07fc673c   0x07fc673c   0x0000017c   Data   RO           62    .rodata.rom_func_addr_table_var  jump_table.o
    0x07fc68b8   0x07fc68b8   0x00000008   Data   RO           45    .rodata.rom_nvds_cfg  nvds.o
    0x07fc68c0   0x07fc68c0   0x0000000c   Data   RO          327    .rodata.rom_prf_cfg  prf.o
    0x07fc68cc   0x07fc68cc   0x00000009   Data   RO          351    .rodata.str1.1      app.o
    0x07fc68d5   0x07fc68d5   0x00000016   Data   RO          423    .rodata.str1.1      app_diss_task.o
    0x07fc68eb   0x07fc68eb   0x00000001   PAD
    0x07fc68ec   0x07fc68ec   0x00000058   Data   RO          378    .rodata.user_app_callbacks  app_entry_point.o
    0x07fc6944   0x07fc6944   0x00000030   Data   RO          507    Region$$Table       anon$$obj.o
    0x07fc6974   0x07fc6974   0x00000018   Data   RW          467    .data.data_frame    user_barebone.o
    0x07fc698c   0x07fc698c   0x00000001   Data   RW          313    .data.pa_en_dcf_tx_setting  rf_531.o
    0x07fc698d   0x07fc698d   0x00000003   PAD
    0x07fc6990   0x07fc6990   0x00000004   Data   RW           86    .data.startup_sleep_delay  arch_system.o


    Execution Region ER_PRODTEST (Exec base: 0x07fc6998, Load base: 0x07fc6994, Size: 0x00000000, Max: 0xffffffff, ABSOLUTE, UNINIT)

    **** No section assigned to this execution region ****


    Execution Region ER_ZI (Exec base: 0x07fc6998, Load base: 0x07fc6994, Size: 0x00000594, Max: 0xffffffff, ABSOLUTE)

    Exec Addr    Load Addr    Size         Type   Attr      Idx    E Section Name        Object

    0x07fc6998        -       0x00000510   Zero   RW          481    .bss                da14531.lib(rf_ldo_calibration.o)
    0x07fc6ea8        -       0x00000014   Zero   RW          272    .bss..L_MergedGlobals  trng.o
    0x07fc6ebc        -       0x00000008   Zero   RW           89    .bss..L_MergedGlobals.1  arch_system.o
    0x07fc6ec4   0x07fc6994   0x00000004   PAD
    0x07fc6ec8        -       0x00000020   Zero   RW          470    .bss..L_MergedGlobals.1  user_barebone.o
    0x07fc6ee8        -       0x00000002   Zero   RW          201    .bss.cal_val        adc_531.o
    0x07fc6eea        -       0x0000002a   Zero   RW          314    .bss.calibration_res  rf_531.o
    0x07fc6f14        -       0x00000001   Zero   RW          466    .bss.flag_df_is_ready  user_barebone.o
    0x07fc6f15   0x07fc6994   0x00000003   PAD
    0x07fc6f18        -       0x00000004   Zero   RW          315    .bss.fsm_ctrl_reg   rf_531.o
    0x07fc6f1c        -       0x00000004   Zero   RW           87    .bss.otp_hdr_timestamp  arch_system.o
    0x07fc6f20        -       0x00000002   Zero   RW          163    .bss.syscntl_dcdc_state  syscntl.o
    0x07fc6f22   0x07fc6994   0x00000002   PAD
    0x07fc6f24        -       0x00000004   Zero   RW          293    .bss.twext_value    rwip.o
    0x07fc6f28        -       0x00000004   Zero   RW          145    .bss.txdiv_trim     otp_cs.o


    Execution Region ARM_LIB_STACK (Exec base: 0x07fc6f2c, Load base: 0x07fc6994, Size: 0x00000700, Max: 0xffffffff, ABSOLUTE)

    Exec Addr    Load Addr    Size         Type   Attr      Idx    E Section Name        Object

    0x07fc6f2c        -       0x00000700   Zero   RW           17    .bss.stack          startup_da14531.o


    Execution Region ER_NZI (Exec base: 0x07fc762c, Load base: 0x07fc6994, Size: 0x0000040c, Max: 0xffffffff, ABSOLUTE, UNINIT)

    Exec Addr    Load Addr    Size         Type   Attr      Idx    E Section Name        Object

    0x07fc762c        -       0x0000040c   Zero   RW           63    .bss.heap_mem_area_not_ret  jump_table.o


    Execution Region ER_STATEFUL_HIBERNATION (Exec base: 0x07fc7a38, Load base: 0x07fc6994, Size: 0x00000000, Max: 0xffffffff, ABSOLUTE, UNINIT)

    **** No section assigned to this execution region ****



  Load Region LR_RETAINED_RAM0 (Base: 0x07fc8bc0, Size: 0x00000000, Max: 0x00001440, ABSOLUTE)

    Execution Region RET_DATA_UNINIT (Exec base: 0x07fc8bc0, Load base: 0x07fc8bc0, Size: 0x00000000, Max: 0x00000000, ABSOLUTE, UNINIT)

    **** No section assigned to this execution region ****


    Execution Region RET_DATA (Exec base: 0x07fc8bc0, Load base: 0x07fc8bc0, Size: 0x000002f4, Max: 0x00000800, ABSOLUTE)

    Exec Addr    Load Addr    Size         Type   Attr      Idx    E Section Name        Object

    0x07fc8bc0        -       0x00000004   Zero   RW           76    .bss.retention_mem_area0  arch_sleep.o
    0x07fc8bc4   0x07fc8bc0   0x00000004   PAD
    0x07fc8bc8        -       0x00000058   Zero   RW           88    .bss.retention_mem_area0  arch_system.o
    0x07fc8c20        -       0x00000006   Zero   RW          132    .bss.retention_mem_area0  system_library_531.o
    0x07fc8c26   0x07fc8bc0   0x00000002   PAD
    0x07fc8c28        -       0x0000006c   Zero   RW          144    .bss.retention_mem_area0  otp_cs.o
    0x07fc8c94   0x07fc8bc0   0x00000004   PAD
    0x07fc8c98        -       0x00000050   Zero   RW          172    .bss.retention_mem_area0  gpio.o
    0x07fc8ce8        -       0x0000000c   Zero   RW          191    .bss.retention_mem_area0  wkupct_quadec.o
    0x07fc8cf4        -       0x00000008   Zero   RW          200    .bss.retention_mem_area0  adc_531.o
    0x07fc8cfc        -       0x00000038   Zero   RW          231    .bss.retention_mem_area0  i2c.o
    0x07fc8d34        -       0x00000040   Zero   RW          251    .bss.retention_mem_area0  uart.o
    0x07fc8d74        -       0x00000001   Zero   RW          261    .bss.retention_mem_area0  hw_otpc_531.o
    0x07fc8d75   0x07fc8bc0   0x00000003   PAD
    0x07fc8d78        -       0x00000008   Zero   RW          283    .bss.retention_mem_area0  rwble.o
    0x07fc8d80        -       0x0000000c   Zero   RW          292    .bss.retention_mem_area0  rwip.o
    0x07fc8d8c        -       0x00000002   Zero   RW          304    .bss.retention_mem_area0  ble_arp.o
    0x07fc8d8e   0x07fc8bc0   0x00000002   PAD
    0x07fc8d90        -       0x00000008   Zero   RW          316    .bss.retention_mem_area0  rf_531.o
    0x07fc8d98        -       0x00000018   Zero   RW          326    .bss.retention_mem_area0  prf.o
    0x07fc8db0        -       0x00000064   Zero   RW          350    .bss.retention_mem_area0  app.o
    0x07fc8e14        -       0x00000002   Zero   RW          362    .bss.retention_mem_area0  app_task.o
    0x07fc8e16   0x07fc8bc0   0x00000002   PAD
    0x07fc8e18        -       0x00000050   Zero   RW          394    .bss.retention_mem_area0  app_easy_timer.o
    0x07fc8e68        -       0x0000004a   Zero   RW          469    .bss.retention_mem_area0  user_barebone.o


    Execution Region RET_HEAP_DB (Exec base: 0x07fc8eb4, Load base: 0x07fc8bc0, Size: 0x0000040c, Max: 0xffffffff, ABSOLUTE, UNINIT)

    Exec Addr    Load Addr    Size         Type   Attr      Idx    E Section Name        Object

    0x07fc8eb4        -       0x0000040c   Zero   RW           65    .bss.heap_db_area   jump_table.o


    Execution Region RET_HEAP_ENV (Exec base: 0x07fc92c0, Load base: 0x07fc8bc0, Size: 0x000002b8, Max: 0xffffffff, ABSOLUTE, UNINIT)

    Exec Addr    Load Addr    Size         Type   Attr      Idx    E Section Name        Object

    0x07fc92c0        -       0x000002b8   Zero   RW           64    .bss.heap_env_area  jump_table.o


    Execution Region RET_HEAP_MSG (Exec base: 0x07fc9578, Load base: 0x07fc8bc0, Size: 0x0000057c, Max: 0xffffffff, ABSOLUTE, UNINIT)

    Exec Addr    Load Addr    Size         Type   Attr      Idx    E Section Name        Object

    0x07fc9578        -       0x0000057c   Zero   RW           66    .bss.heap_msg_area  jump_table.o



  Load Region LR_FREE_AREA (Base: 0x07fca000, Size: 0x00000000, Max: 0x00001900, ABSOLUTE)

    Execution Region ER_FREE_AREA_AT_TX_CNTL_BUFFER (Exec base: 0x07fca884, Load base: 0x07fca000, Size: 0x00000000, Max: 0x000000de, ABSOLUTE)

    **** No section assigned to this execution region ****


    Execution Region ER_FREE_AREA_AT_TX_ADV_1_BUFFER (Exec base: 0x07fca988, Load base: 0x07fca000, Size: 0x00000000, Max: 0x000000e0, ABSOLUTE)

    **** No section assigned to this execution region ****


    Execution Region ER_FREE_AREA_AT_TX_ADV_2_BUFFER (Exec base: 0x07fcaa90, Load base: 0x07fca000, Size: 0x00000000, Max: 0x000000de, ABSOLUTE)

    **** No section assigned to this execution region ****


    Execution Region ER_FREE_AREA_AT_TX_ADV_3_BUFFER (Exec base: 0x07fcab94, Load base: 0x07fca000, Size: 0x00000000, Max: 0x000000e0, ABSOLUTE)

    **** No section assigned to this execution region ****


    Execution Region ER_FREE_AREA (Exec base: 0x07fcb4ac, Load base: 0x07fca000, Size: 0x00000000, Max: 0x000003f0, ABSOLUTE)

    **** No section assigned to this execution region ****



  Load Region LR_RETAINED_TRNG_STATE (Base: 0x07fcb89c, Size: 0x00000000, Max: 0x00000004, ABSOLUTE)

    Execution Region RET_DATA_UNINIT_TRNG_STATE (Exec base: 0x07fcb89c, Load base: 0x07fcb89c, Size: 0x00000004, Max: 0x00000004, ABSOLUTE, UNINIT)

    Exec Addr    Load Addr    Size         Type   Attr      Idx    E Section Name        Object

    0x07fcb89c        -       0x00000004   Zero   RW          271    .bss.trng_state     trng.o



  Load Region LR_RETAINED_CHACHA_STATE (Base: 0x07fcb8a0, Size: 0x00000000, Max: 0x00000060, ABSOLUTE)

    Execution Region RET_DATA_UNINIT_CHACHA_STATE (Exec base: 0x07fcb8a0, Load base: 0x07fcb8a0, Size: 0x00000060, Max: 0x00000060, ABSOLUTE, UNINIT)

    Exec Addr    Load Addr    Size         Type   Attr      Idx    E Section Name        Object

    0x07fcb8a0        -       0x00000060   Zero   RW          114    .bss.chacha20_state  chacha20.o


==============================================================================

Image component sizes


      Code (inc. data)   RO Data    RW Data    ZI Data      Debug   Object Name

      1476        224          0          0         10      10838   adc_531.o
      1252        176         49          0        100      20648   app.o
       440         72         20          0          0      12108   app_default_handlers.o
        60          4          0          0          0       6315   app_diss.o
       216         74         30          0          0       3483   app_diss_task.o
       648         76          0          0         80       6218   app_easy_timer.o
         0          0        140          0          0       6675   app_entry_point.o
        68         12          0          0          0       1420   app_msg_utils.o
       716         92        120          0          2      23518   app_task.o
       114          0          0          0          0       3312   app_utils.o
       444         28          0          0          0       5560   arch_main.o
       388        192          0          0          0       3168   arch_rom.o
       756        128          0          0          4       5709   arch_sleep.o
      1584        236          0          4        100      12286   arch_system.o
       296         60          8          0          0       3274   battery.o
       796        136        112          0          2       6001   ble_arp.o
         0          0         16          0         96       1087   chacha20.o
      1380        120          0          0         80      10210   gpio.o
       136          4          0          0          0       2405   hardfault_handler.o
        76         24          0          0          0        846   hash.o
       852        104          0          0          1       7217   hw_otpc_531.o
      1604        224          0          0         56      17336   i2c.o
       104         12        616          0       4172       2407   jump_table.o
       188         24          0          0          0       3727   nmi_handler.o
         0          0         22          0          0       1334   nvds.o
      1004        164          0          8        112       5934   otp_cs.o
        16          4          0          0          0        795   otp_hdr.o
       136         12         28          0         24       4801   prf.o
      2132        360          0          1         54       9981   rf_531.o
       560         72          0          0          8       4038   rwble.o
       492         88          0          0         16       4905   rwip.o
        84         12        160          0       1792       1404   startup_da14531.o
       472         84          0          0          2       4867   syscntl.o
       136         20          0          0          0       2465   system_da14531.o
        96         56         24          0          6       1669   system_library_531.o
       128         24          0          0         24       1400   trng.o
      1192        132          0          0         64      15432   uart.o
       780        128          0         24        107      20148   user_barebone.o
       112         12          0          0          0       3032   user_periph_setup.o
       752        140          0          0         12       7271   wkupct_quadec.o

    ----------------------------------------------------------------------
     21688       3330       1396         40       7032     265244   Object Totals
         0          0         48          0         80          0   (incl. Generated)
         2          0          3          3         28          0   (incl. Padding)

    ----------------------------------------------------------------------

      Code (inc. data)   RO Data    RW Data    ZI Data      Debug   Library Member Name

        32          0          0          0          0         68   arch_asm.o
        60         10          0          0          0        164   common.o
      2540        114          0          0          0        520   patch_1.o
       108         16          0          0          0         68   rf_diag.o
       960         44          0          0       1296        144   rf_ldo_calibration.o
         0          0          0          0          0          0   entry.o
         0          0          0          0          0          0   entry10a.o
         0          0          0          0          0          0   entry11a.o
         8          4          0          0          0          0   entry4.o
         4          0          0          0          0          0   entry5.o
         0          0          0          0          0          0   entry7b.o
         0          0          0          0          0          0   entry8b.o
         8          4          0          0          0          0   entry9a.o
        30          0          0          0          0          0   handlers.o
        48         10          0          0          0         68   init.o

    ----------------------------------------------------------------------
      3800        202          0          0       1296       1032   Library Totals
         2          0          0          0          0          0   (incl. Padding)

    ----------------------------------------------------------------------

      Code (inc. data)   RO Data    RW Data    ZI Data      Debug   Library Name

      3700        184          0          0       1296        964   da14531.lib
        98         18          0          0          0         68   mc_p.l

    ----------------------------------------------------------------------
      3800        202          0          0       1296       1032   Library Totals

    ----------------------------------------------------------------------

==============================================================================


      Code (inc. data)   RO Data    RW Data    ZI Data      Debug   

     25488       3532       1396         40       8328     265576   Grand Totals
     25488       3532       1396         40       8328     265576   ELF Image Totals
     25488       3532       1396         40          0          0   ROM Totals

==============================================================================

    Total RO  Size (Code + RO Data)                26884 (  26.25kB)
    Total RW  Size (RW Data + ZI Data)              8368 (   8.17kB)
    Total ROM Size (Code + RO Data + RW Data)      26924 (  26.29kB)

==============================================================================

