<html>
<body>
<pre>
<h1>µVision Build Log</h1>
<h2>Tool Versions:</h2>
IDE-Version: µVision V5.42.0.0
Copyright (C) 2025 ARM Ltd and ARM Germany GmbH. All rights reserved.
License Information: Matheus Israel, XGlobal, LIC=----
 
Tool Versions:
Toolchain:       MDK-Lite  Version: 5.42.0.0
Toolchain Path:  C:\Users\mathe\AppData\Local\Keil_v5\ARM\ARMCLANG\Bin
C Compiler:      ArmClang.exe V6.23
Assembler:       Armasm.exe V6.23
Linker/Locator:  ArmLink.exe V6.23
Library Manager: ArmAr.exe V6.23
Hex Converter:   FromElf.exe V6.23
CPU DLL:         SARMCM3.DLL V5.42.0.0
Dialog DLL:      DARMCM1.DLL V1.19.6.0
Target DLL:      Segger\JL2CM3.dll V2.99.45.0
Dialog DLL:      TARMCM1.DLL V1.14.6.0
 
<h2>Project:</h2>
C:\Users\mathe\Desktop\Bluetooth_Module_Test\Firmware Test\Beacon_module\Module4\DA145xx_SDK\6.0.24.1464\projects\target_apps\ble_examples\ble_app_barebone\Keil_5\ble_app_barebone.uvprojx
Project File Date:  06/30/2025

<h2>Output:</h2>
*** Using Compiler 'V6.23', folder: 'C:\Users\mathe\AppData\Local\Keil_v5\ARM\ARMCLANG\Bin'
Build target 'DA14531'
compiling user_barebone.c...
linking...
Program Size: Code=25488 RO-data=1396 RW-data=40 ZI-data=8328  
FromELF: creating hex file...
After Build - User command #1: fromelf --bincombined --output=".\out_DA14531\Objects\ble_app_barebone_531.bin"  ".\out_DA14531\Objects\ble_app_barebone_531.axf"
".\out_DA14531\Objects\ble_app_barebone_531.axf" - 0 Error(s), 0 Warning(s).

<h2>Software Packages used:</h2>

Package Vendor: ARM
                https://www.keil.com/pack/ARM.Cortex_DFP.1.1.0.pack
                ARM::Cortex_DFP@1.1.0
                ARM Cortex Reference Subsystems Device Family Pack

<h2>Collection of Component include folders:</h2>
  C:/Users/mathe/AppData/Local/Arm/Packs/ARM/Cortex_DFP/1.1.0/Device/ARMCM0plus/Include

<h2>Collection of Component Files used:</h2>
Build Time Elapsed:  00:00:02
</pre>
</body>
</html>
